Archive member included to satisfy reference by file (symbol)

/usr/lib/gcc/arm-none-eabi/7.3.1/../../../arm-none-eabi/lib/thumb/v7e-m/fpv4-sp/hard/libc_nano.a(lib_a-atexit.o)
                              /usr/lib/gcc/arm-none-eabi/7.3.1/../../../arm-none-eabi/lib/thumb/v7e-m/fpv4-sp/hard/crt0.o (atexit)
/usr/lib/gcc/arm-none-eabi/7.3.1/../../../arm-none-eabi/lib/thumb/v7e-m/fpv4-sp/hard/libc_nano.a(lib_a-exit.o)
                              /usr/lib/gcc/arm-none-eabi/7.3.1/../../../arm-none-eabi/lib/thumb/v7e-m/fpv4-sp/hard/crt0.o (exit)
/usr/lib/gcc/arm-none-eabi/7.3.1/../../../arm-none-eabi/lib/thumb/v7e-m/fpv4-sp/hard/libc_nano.a(lib_a-fini.o)
                              /usr/lib/gcc/arm-none-eabi/7.3.1/../../../arm-none-eabi/lib/thumb/v7e-m/fpv4-sp/hard/crt0.o (__libc_fini_array)
/usr/lib/gcc/arm-none-eabi/7.3.1/../../../arm-none-eabi/lib/thumb/v7e-m/fpv4-sp/hard/libc_nano.a(lib_a-impure.o)
                              /usr/lib/gcc/arm-none-eabi/7.3.1/../../../arm-none-eabi/lib/thumb/v7e-m/fpv4-sp/hard/libc_nano.a(lib_a-exit.o) (_global_impure_ptr)
/usr/lib/gcc/arm-none-eabi/7.3.1/../../../arm-none-eabi/lib/thumb/v7e-m/fpv4-sp/hard/libc_nano.a(lib_a-init.o)
                              /usr/lib/gcc/arm-none-eabi/7.3.1/../../../arm-none-eabi/lib/thumb/v7e-m/fpv4-sp/hard/crt0.o (__libc_init_array)
/usr/lib/gcc/arm-none-eabi/7.3.1/../../../arm-none-eabi/lib/thumb/v7e-m/fpv4-sp/hard/libc_nano.a(lib_a-memset.o)
                              /usr/lib/gcc/arm-none-eabi/7.3.1/../../../arm-none-eabi/lib/thumb/v7e-m/fpv4-sp/hard/crt0.o (memset)
/usr/lib/gcc/arm-none-eabi/7.3.1/../../../arm-none-eabi/lib/thumb/v7e-m/fpv4-sp/hard/libc_nano.a(lib_a-__atexit.o)
                              /usr/lib/gcc/arm-none-eabi/7.3.1/../../../arm-none-eabi/lib/thumb/v7e-m/fpv4-sp/hard/libc_nano.a(lib_a-atexit.o) (__register_exitproc)
/usr/lib/gcc/arm-none-eabi/7.3.1/../../../arm-none-eabi/lib/thumb/v7e-m/fpv4-sp/hard/libc_nano.a(lib_a-__call_atexit.o)
                              /usr/lib/gcc/arm-none-eabi/7.3.1/../../../arm-none-eabi/lib/thumb/v7e-m/fpv4-sp/hard/libc_nano.a(lib_a-__atexit.o) (__call_exitprocs)
/usr/lib/gcc/arm-none-eabi/7.3.1/../../../arm-none-eabi/lib/thumb/v7e-m/fpv4-sp/hard/libnosys.a(_exit.o)
                              /usr/lib/gcc/arm-none-eabi/7.3.1/../../../arm-none-eabi/lib/thumb/v7e-m/fpv4-sp/hard/libc_nano.a(lib_a-exit.o) (_exit)
/usr/lib/gcc/arm-none-eabi/7.3.1/thumb/v7e-m/fpv4-sp/hard/libgcc.a(_aeabi_uldivmod.o)
                              build/stm32f4xx_hal_rcc.o (__aeabi_uldivmod)
/usr/lib/gcc/arm-none-eabi/7.3.1/thumb/v7e-m/fpv4-sp/hard/libgcc.a(_udivmoddi4.o)
                              /usr/lib/gcc/arm-none-eabi/7.3.1/thumb/v7e-m/fpv4-sp/hard/libgcc.a(_aeabi_uldivmod.o) (__udivmoddi4)
/usr/lib/gcc/arm-none-eabi/7.3.1/thumb/v7e-m/fpv4-sp/hard/libgcc.a(_dvmd_tls.o)
                              /usr/lib/gcc/arm-none-eabi/7.3.1/thumb/v7e-m/fpv4-sp/hard/libgcc.a(_aeabi_uldivmod.o) (__aeabi_ldiv0)

Allocating common symbols
Common symbol       size              file

hspi2               0x58              build/spi.o
hdma_i2c1_tx        0x60              build/i2c.o
hi2c1               0x54              build/i2c.o
hcrc                0x8               build/crc.o
uwTick              0x4               build/stm32f4xx_hal.o
pFlash              0x20              build/stm32f4xx_hal_flash.o
htim3               0x40              build/tim.o
hadc1               0x48              build/adc.o
hspi4               0x58              build/spi.o
htim1               0x40              build/tim.o
hdma_i2c1_rx        0x60              build/i2c.o
hspi1               0x58              build/spi.o
htim2               0x40              build/stm32f4xx_hal_timebase_tim.o
hdma_spi1_rx        0x60              build/spi.o
hdma_spi1_tx        0x60              build/spi.o

Discarded input sections

 .text          0x0000000000000000        0x0 /usr/lib/gcc/arm-none-eabi/7.3.1/thumb/v7e-m/fpv4-sp/hard/crti.o
 .data          0x0000000000000000        0x0 /usr/lib/gcc/arm-none-eabi/7.3.1/thumb/v7e-m/fpv4-sp/hard/crti.o
 .bss           0x0000000000000000        0x0 /usr/lib/gcc/arm-none-eabi/7.3.1/thumb/v7e-m/fpv4-sp/hard/crti.o
 .data          0x0000000000000000        0x4 /usr/lib/gcc/arm-none-eabi/7.3.1/thumb/v7e-m/fpv4-sp/hard/crtbegin.o
 .text          0x0000000000000000       0x68 /usr/lib/gcc/arm-none-eabi/7.3.1/../../../arm-none-eabi/lib/thumb/v7e-m/fpv4-sp/hard/crt0.o
 .data          0x0000000000000000        0x0 /usr/lib/gcc/arm-none-eabi/7.3.1/../../../arm-none-eabi/lib/thumb/v7e-m/fpv4-sp/hard/crt0.o
 .bss           0x0000000000000000        0x0 /usr/lib/gcc/arm-none-eabi/7.3.1/../../../arm-none-eabi/lib/thumb/v7e-m/fpv4-sp/hard/crt0.o
 .ARM.extab     0x0000000000000000        0x0 /usr/lib/gcc/arm-none-eabi/7.3.1/../../../arm-none-eabi/lib/thumb/v7e-m/fpv4-sp/hard/crt0.o
[...]
Memory Configuration

Name             Origin             Length             Attributes
RAM              0x0000000020000000 0x0000000000050000 xrw
FLASH            0x0000000008000000 0x0000000000100000 xr
*default*        0x0000000000000000 0xffffffffffffffff

Linker script and memory map

LOAD /usr/lib/gcc/arm-none-eabi/7.3.1/thumb/v7e-m/fpv4-sp/hard/crti.o
LOAD /usr/lib/gcc/arm-none-eabi/7.3.1/thumb/v7e-m/fpv4-sp/hard/crtbegin.o
LOAD /usr/lib/gcc/arm-none-eabi/7.3.1/../../../arm-none-eabi/lib/thumb/v7e-m/fpv4-sp/hard/crt0.o
LOAD build/main.o
LOAD build/gpio.o
LOAD build/adc.o
LOAD build/crc.o
LOAD build/dma.o
LOAD build/i2c.o
LOAD build/spi.o
LOAD build/tim.o
LOAD build/usart.o
LOAD build/stm32f4xx_it.o
LOAD build/stm32f4xx_hal_msp.o
LOAD build/stm32f4xx_hal_timebase_tim.o
LOAD build/stm32f4xx_hal_adc.o
LOAD build/stm32f4xx_hal_adc_ex.o
LOAD build/stm32f4xx_hal_crc.o
LOAD build/stm32f4xx_hal_i2c.o
LOAD build/stm32f4xx_hal_i2c_ex.o
LOAD build/stm32f4xx_hal_spi.o
LOAD build/stm32f4xx_hal_tim.o
LOAD build/stm32f4xx_hal_tim_ex.o
LOAD build/stm32f4xx_hal_rcc.o
LOAD build/stm32f4xx_hal_rcc_ex.o
LOAD build/stm32f4xx_hal_flash.o
LOAD build/stm32f4xx_hal_flash_ex.o
LOAD build/stm32f4xx_hal_flash_ramfunc.o
LOAD build/stm32f4xx_hal_gpio.o
LOAD build/stm32f4xx_hal_dma_ex.o
LOAD build/stm32f4xx_hal_dma.o
LOAD build/stm32f4xx_hal_pwr.o
LOAD build/stm32f4xx_hal_pwr_ex.o
LOAD build/stm32f4xx_hal_cortex.o
LOAD build/stm32f4xx_hal.o
LOAD build/stm32f4xx_hal_exti.o
LOAD build/system_stm32f4xx.o
LOAD build/stm32f4xx_ll_usart.o
LOAD build/stm32f4xx_ll_gpio.o
LOAD build/stm32f4xx_ll_dma.o
LOAD build/stm32f4xx_ll_rcc.o
LOAD build/stm32f4xx_ll_utils.o
LOAD build/stm32f4xx_ll_exti.o
LOAD build/startup_stm32f413xx.o
LOAD /usr/lib/gcc/arm-none-eabi/7.3.1/../../../arm-none-eabi/lib/thumb/v7e-m/fpv4-sp/hard/libc_nano.a
LOAD /usr/lib/gcc/arm-none-eabi/7.3.1/../../../arm-none-eabi/lib/thumb/v7e-m/fpv4-sp/hard/libm.a
LOAD /usr/lib/gcc/arm-none-eabi/7.3.1/../../../arm-none-eabi/lib/thumb/v7e-m/fpv4-sp/hard/libnosys.a
START GROUP
LOAD /usr/lib/gcc/arm-none-eabi/7.3.1/thumb/v7e-m/fpv4-sp/hard/libgcc.a
LOAD /usr/lib/gcc/arm-none-eabi/7.3.1/../../../arm-none-eabi/lib/thumb/v7e-m/fpv4-sp/hard/libc_nano.a
END GROUP
START GROUP
LOAD /usr/lib/gcc/arm-none-eabi/7.3.1/thumb/v7e-m/fpv4-sp/hard/libgcc.a
LOAD /usr/lib/gcc/arm-none-eabi/7.3.1/../../../arm-none-eabi/lib/thumb/v7e-m/fpv4-sp/hard/libc_nano.a
END GROUP
LOAD /usr/lib/gcc/arm-none-eabi/7.3.1/thumb/v7e-m/fpv4-sp/hard/crtend.o
LOAD /usr/lib/gcc/arm-none-eabi/7.3.1/thumb/v7e-m/fpv4-sp/hard/crtn.o
                0x0000000020050000                _estack = 0x20050000
                0x0000000000000200                _Min_Heap_Size = 0x200
                0x0000000000000400                _Min_Stack_Size = 0x400

.isr_vector     0x0000000008000000      0x1d8
                0x0000000008000000                . = ALIGN (0x4)
 *(.isr_vector)
 .isr_vector    0x0000000008000000      0x1d8 build/startup_stm32f413xx.o
                0x0000000008000000                g_pfnVectors
                0x00000000080001d8                . = ALIGN (0x4)

.text           0x00000000080001d8     0x4580
                0x00000000080001d8                . = ALIGN (0x4)
 *(.text)
 .text          0x00000000080001d8       0x88 /usr/lib/gcc/arm-none-eabi/7.3.1/thumb/v7e-m/fpv4-sp/hard/crtbegin.o
 .text          0x0000000008000260       0x48 /usr/lib/gcc/arm-none-eabi/7.3.1/../../../arm-none-eabi/lib/thumb/v7e-m/fpv4-sp/hard/libc_nano.a(lib_a-init.o)
                0x0000000008000260                __libc_init_array
 .text          0x00000000080002a8       0x94 /usr/lib/gcc/arm-none-eabi/7.3.1/../../../arm-none-eabi/lib/thumb/v7e-m/fpv4-sp/hard/libc_nano.a(lib_a-memset.o)
                0x00000000080002a8                memset
 .text          0x000000000800033c       0x30 /usr/lib/gcc/arm-none-eabi/7.3.1/thumb/v7e-m/fpv4-sp/hard/libgcc.a(_aeabi_uldivmod.o)
                0x000000000800033c                __aeabi_uldivmod
 .text          0x000000000800036c      0x2cc /usr/lib/gcc/arm-none-eabi/7.3.1/thumb/v7e-m/fpv4-sp/hard/libgcc.a(_udivmoddi4.o)
                0x000000000800036c                __udivmoddi4
 .text          0x0000000008000638        0x4 /usr/lib/gcc/arm-none-eabi/7.3.1/thumb/v7e-m/fpv4-sp/hard/libgcc.a(_dvmd_tls.o)
                0x0000000008000638                __aeabi_ldiv0
                0x0000000008000638                __aeabi_idiv0
 *(.text*)
 .text.SystemClock_Config
                0x000000000800063c       0x94 build/main.o
                0x000000000800063c                SystemClock_Config
 .text.main     0x00000000080006d0       0x50 build/main.o
                0x00000000080006d0                main
 .text.HAL_TIM_PeriodElapsedCallback
                0x0000000008000720       0x12 build/main.o
                0x0000000008000720                HAL_TIM_PeriodElapsedCallback
 .text.Error_Handler
                0x0000000008000732        0x2 build/main.o
                0x0000000008000732                Error_Handler
 .text.MX_GPIO_Init
                0x0000000008000734      0x1e0 build/gpio.o
                0x0000000008000734                MX_GPIO_Init
 .text.MX_ADC1_Init
                0x0000000008000914       0x70 build/adc.o
                0x0000000008000914                MX_ADC1_Init
 .text.HAL_ADC_MspInit
                0x0000000008000984       0x68 build/adc.o
                0x0000000008000984                HAL_ADC_MspInit
 .text.MX_CRC_Init
                0x00000000080009ec       0x20 build/crc.o
                0x00000000080009ec                MX_CRC_Init
 .text.HAL_CRC_MspInit
                0x0000000008000a0c       0x30 build/crc.o
                0x0000000008000a0c                HAL_CRC_MspInit
 .text.MX_DMA_Init
                0x0000000008000a3c       0x78 build/dma.o
                0x0000000008000a3c                MX_DMA_Init
 .text.MX_I2C1_Init
                0x0000000008000ab4       0x3c build/i2c.o
                0x0000000008000ab4                MX_I2C1_Init
 .text.HAL_I2C_MspInit
                0x0000000008000af0      0x10c build/i2c.o
                0x0000000008000af0                HAL_I2C_MspInit
 .text.MX_SPI1_Init
                0x0000000008000bfc       0x40 build/spi.o
                0x0000000008000bfc                MX_SPI1_Init
 .text.MX_SPI2_Init
                0x0000000008000c3c       0x38 build/spi.o
                0x0000000008000c3c                MX_SPI2_Init
 .text.MX_SPI4_Init
                0x0000000008000c74       0x40 build/spi.o
                0x0000000008000c74                MX_SPI4_Init
 .text.HAL_SPI_MspInit
                0x0000000008000cb4      0x1f4 build/spi.o
                0x0000000008000cb4                HAL_SPI_MspInit
 .text.HAL_TIM_Base_MspInit
                0x0000000008000ea8       0x54 build/tim.o
                0x0000000008000ea8                HAL_TIM_Base_MspInit
 .text.HAL_TIM_MspPostInit
                0x0000000008000efc       0xc0 build/tim.o
                0x0000000008000efc                HAL_TIM_MspPostInit
 .text.MX_TIM1_Init
                0x0000000008000fbc      0x134 build/tim.o
                0x0000000008000fbc                MX_TIM1_Init
 .text.MX_TIM3_Init
                0x00000000080010f0       0xe8 build/tim.o
                0x00000000080010f0                MX_TIM3_Init
 .text.MX_UART8_Init
                0x00000000080011d8       0xb4 build/usart.o
                0x00000000080011d8                MX_UART8_Init
 .text.MX_UART9_Init
                0x000000000800128c       0xb8 build/usart.o
                0x000000000800128c                MX_UART9_Init
 .text.MX_UART10_Init
                0x0000000008001344       0xb8 build/usart.o
                0x0000000008001344                MX_UART10_Init
 .text.MX_USART1_UART_Init
                0x00000000080013fc       0xe0 build/usart.o
                0x00000000080013fc                MX_USART1_UART_Init
 .text.MX_USART2_UART_Init
                0x00000000080014dc       0xb4 build/usart.o
                0x00000000080014dc                MX_USART2_UART_Init
 .text.MX_USART3_UART_Init
                0x0000000008001590      0x13c build/usart.o
                0x0000000008001590                MX_USART3_UART_Init
 .text.MX_USART6_UART_Init
                0x00000000080016cc       0xb4 build/usart.o
                0x00000000080016cc                MX_USART6_UART_Init
 .text.NMI_Handler
                0x0000000008001780        0x2 build/stm32f4xx_it.o
                0x0000000008001780                NMI_Handler
 .text.HardFault_Handler
                0x0000000008001782        0x2 build/stm32f4xx_it.o
                0x0000000008001782                HardFault_Handler
 .text.MemManage_Handler
                0x0000000008001784        0x2 build/stm32f4xx_it.o
                0x0000000008001784                MemManage_Handler
 .text.BusFault_Handler
                0x0000000008001786        0x2 build/stm32f4xx_it.o
                0x0000000008001786                BusFault_Handler
 .text.UsageFault_Handler
                0x0000000008001788        0x2 build/stm32f4xx_it.o
                0x0000000008001788                UsageFault_Handler
 .text.SVC_Handler
                0x000000000800178a        0x2 build/stm32f4xx_it.o
                0x000000000800178a                SVC_Handler
 .text.DebugMon_Handler
                0x000000000800178c        0x2 build/stm32f4xx_it.o
                0x000000000800178c                DebugMon_Handler
 .text.PendSV_Handler
                0x000000000800178e        0x2 build/stm32f4xx_it.o
                0x000000000800178e                PendSV_Handler
 .text.DMA1_Stream0_IRQHandler
                0x0000000008001790       0x10 build/stm32f4xx_it.o
                0x0000000008001790                DMA1_Stream0_IRQHandler
 .text.DMA1_Stream6_IRQHandler
                0x00000000080017a0       0x10 build/stm32f4xx_it.o
                0x00000000080017a0                DMA1_Stream6_IRQHandler
 .text.EXTI9_5_IRQHandler
                0x00000000080017b0        0xc build/stm32f4xx_it.o
                0x00000000080017b0                EXTI9_5_IRQHandler
 .text.TIM2_IRQHandler
                0x00000000080017bc       0x10 build/stm32f4xx_it.o
                0x00000000080017bc                TIM2_IRQHandler
 .text.I2C1_EV_IRQHandler
                0x00000000080017cc       0x10 build/stm32f4xx_it.o
                0x00000000080017cc                I2C1_EV_IRQHandler
 .text.I2C1_ER_IRQHandler
                0x00000000080017dc       0x10 build/stm32f4xx_it.o
                0x00000000080017dc                I2C1_ER_IRQHandler
 .text.SPI1_IRQHandler
                0x00000000080017ec       0x10 build/stm32f4xx_it.o
                0x00000000080017ec                SPI1_IRQHandler
 .text.SPI2_IRQHandler
                0x00000000080017fc       0x10 build/stm32f4xx_it.o
                0x00000000080017fc                SPI2_IRQHandler
 .text.USART1_IRQHandler
                0x000000000800180c        0x2 build/stm32f4xx_it.o
                0x000000000800180c                USART1_IRQHandler
 .text.USART2_IRQHandler
                0x000000000800180e        0x2 build/stm32f4xx_it.o
                0x000000000800180e                USART2_IRQHandler
 .text.USART3_IRQHandler
                0x0000000008001810        0x2 build/stm32f4xx_it.o
                0x0000000008001810                USART3_IRQHandler
 *fill*         0x0000000008001812        0x2 
 .text.DMA2_Stream2_IRQHandler
                0x0000000008001814       0x10 build/stm32f4xx_it.o
                0x0000000008001814                DMA2_Stream2_IRQHandler
 .text.DMA2_Stream5_IRQHandler
                0x0000000008001824       0x10 build/stm32f4xx_it.o
                0x0000000008001824                DMA2_Stream5_IRQHandler
 .text.USART6_IRQHandler
                0x0000000008001834        0x2 build/stm32f4xx_it.o
                0x0000000008001834                USART6_IRQHandler
 .text.UART8_IRQHandler
                0x0000000008001836        0x2 build/stm32f4xx_it.o
                0x0000000008001836                UART8_IRQHandler
 .text.SPI4_IRQHandler
                0x0000000008001838       0x10 build/stm32f4xx_it.o
                0x0000000008001838                SPI4_IRQHandler
 .text.UART9_IRQHandler
                0x0000000008001848        0x2 build/stm32f4xx_it.o
                0x0000000008001848                UART9_IRQHandler
 .text.UART10_IRQHandler
                0x000000000800184a        0x2 build/stm32f4xx_it.o
                0x000000000800184a                UART10_IRQHandler
 .text.HAL_MspInit
                0x000000000800184c       0x38 build/stm32f4xx_hal_msp.o
                0x000000000800184c                HAL_MspInit
 .text.HAL_InitTick
                0x0000000008001884       0x78 build/stm32f4xx_hal_timebase_tim.o
                0x0000000008001884                HAL_InitTick
 .text.ADC_Init
                0x00000000080018fc      0x134 build/stm32f4xx_hal_adc.o
 .text.HAL_ADC_Init
                0x0000000008001a30       0x56 build/stm32f4xx_hal_adc.o
                0x0000000008001a30                HAL_ADC_Init
 *fill*         0x0000000008001a86        0x2 
 .text.HAL_ADC_ConfigChannel
                0x0000000008001a88      0x1a4 build/stm32f4xx_hal_adc.o
                0x0000000008001a88                HAL_ADC_ConfigChannel
 .text.HAL_CRC_Init
                0x0000000008001c2c       0x1e build/stm32f4xx_hal_crc.o
                0x0000000008001c2c                HAL_CRC_Init
 .text.I2C_MemoryTransmit_TXE_BTF
                0x0000000008001c4a       0x82 build/stm32f4xx_hal_i2c.o
 .text.I2C_Master_SB
                0x0000000008001ccc       0xaa build/stm32f4xx_hal_i2c.o
 .text.I2C_Master_ADD10
                0x0000000008001d76       0x2e build/stm32f4xx_hal_i2c.o
 .text.I2C_Master_ADDR
                0x0000000008001da4      0x206 build/stm32f4xx_hal_i2c.o
 .text.I2C_SlaveTransmit_BTF
                0x0000000008001faa       0x1e build/stm32f4xx_hal_i2c.o
 .text.I2C_SlaveReceive_BTF
                0x0000000008001fc8       0x1e build/stm32f4xx_hal_i2c.o
 .text.I2C_ConvertOtherXferOptions
                0x0000000008001fe6       0x1e build/stm32f4xx_hal_i2c.o
 .text.HAL_I2C_Init
                0x0000000008002004      0x1b4 build/stm32f4xx_hal_i2c.o
                0x0000000008002004                HAL_I2C_Init
 .text.HAL_I2C_MasterTxCpltCallback
                0x00000000080021b8        0x2 build/stm32f4xx_hal_i2c.o
                0x00000000080021b8                HAL_I2C_MasterTxCpltCallback
 .text.HAL_I2C_MasterRxCpltCallback
                0x00000000080021ba        0x2 build/stm32f4xx_hal_i2c.o
                0x00000000080021ba                HAL_I2C_MasterRxCpltCallback
 .text.HAL_I2C_SlaveTxCpltCallback
                0x00000000080021bc        0x2 build/stm32f4xx_hal_i2c.o
                0x00000000080021bc                HAL_I2C_SlaveTxCpltCallback
 .text.I2C_SlaveTransmit_TXE
                0x00000000080021be       0x4a build/stm32f4xx_hal_i2c.o
 .text.HAL_I2C_SlaveRxCpltCallback
                0x0000000008002208        0x2 build/stm32f4xx_hal_i2c.o
                0x0000000008002208                HAL_I2C_SlaveRxCpltCallback
 .text.I2C_SlaveReceive_RXNE
                0x000000000800220a       0x4a build/stm32f4xx_hal_i2c.o
 .text.HAL_I2C_AddrCallback
                0x0000000008002254        0x2 build/stm32f4xx_hal_i2c.o
                0x0000000008002254                HAL_I2C_AddrCallback
 .text.I2C_Slave_ADDR
                0x0000000008002256       0x4e build/stm32f4xx_hal_i2c.o
 .text.HAL_I2C_ListenCpltCallback
                0x00000000080022a4        0x2 build/stm32f4xx_hal_i2c.o
                0x00000000080022a4                HAL_I2C_ListenCpltCallback
 *fill*         0x00000000080022a6        0x2 
 .text.I2C_Slave_AF
                0x00000000080022a8       0x94 build/stm32f4xx_hal_i2c.o
 .text.HAL_I2C_MemTxCpltCallback
                0x000000000800233c        0x2 build/stm32f4xx_hal_i2c.o
                0x000000000800233c                HAL_I2C_MemTxCpltCallback
 .text.I2C_MasterTransmit_TXE
                0x000000000800233e       0xce build/stm32f4xx_hal_i2c.o
 .text.I2C_MasterTransmit_BTF
                0x000000000800240c       0xac build/stm32f4xx_hal_i2c.o
 .text.HAL_I2C_MemRxCpltCallback
                0x00000000080024b8        0x2 build/stm32f4xx_hal_i2c.o
                0x00000000080024b8                HAL_I2C_MemRxCpltCallback
 .text.I2C_MasterReceive_RXNE
                0x00000000080024ba       0xa2 build/stm32f4xx_hal_i2c.o
 .text.I2C_MasterReceive_BTF
                0x000000000800255c      0x11e build/stm32f4xx_hal_i2c.o
 .text.HAL_I2C_ErrorCallback
                0x000000000800267a        0x2 build/stm32f4xx_hal_i2c.o
                0x000000000800267a                HAL_I2C_ErrorCallback
 .text.HAL_I2C_AbortCpltCallback
                0x000000000800267c        0x2 build/stm32f4xx_hal_i2c.o
                0x000000000800267c                HAL_I2C_AbortCpltCallback
 .text.I2C_DMAAbort
                0x000000000800267e       0x9a build/stm32f4xx_hal_i2c.o
 .text.I2C_ITError
                0x0000000008002718      0x170 build/stm32f4xx_hal_i2c.o
 .text.I2C_Slave_STOPF
                0x0000000008002888      0x188 build/stm32f4xx_hal_i2c.o
 .text.HAL_I2C_EV_IRQHandler
                0x0000000008002a10      0x18c build/stm32f4xx_hal_i2c.o
                0x0000000008002a10                HAL_I2C_EV_IRQHandler
 .text.HAL_I2C_ER_IRQHandler
                0x0000000008002b9c       0xc4 build/stm32f4xx_hal_i2c.o
                0x0000000008002b9c                HAL_I2C_ER_IRQHandler
 .text.HAL_SPI_Init
                0x0000000008002c60       0x80 build/stm32f4xx_hal_spi.o
                0x0000000008002c60                HAL_SPI_Init
 .text.HAL_SPI_ErrorCallback
                0x0000000008002ce0        0x2 build/stm32f4xx_hal_spi.o
                0x0000000008002ce0                HAL_SPI_ErrorCallback
 *fill*         0x0000000008002ce2        0x2 
 .text.HAL_SPI_IRQHandler
                0x0000000008002ce4      0x120 build/stm32f4xx_hal_spi.o
                0x0000000008002ce4                HAL_SPI_IRQHandler
 .text.SPI_DMAAbortOnError
                0x0000000008002e04       0x10 build/stm32f4xx_hal_spi.o
 .text.TIM_OC1_SetConfig
                0x0000000008002e14       0x68 build/stm32f4xx_hal_tim.o
 .text.TIM_OC3_SetConfig
                0x0000000008002e7c       0x70 build/stm32f4xx_hal_tim.o
 .text.TIM_OC4_SetConfig
                0x0000000008002eec       0x50 build/stm32f4xx_hal_tim.o
 .text.TIM_TI1_ConfigInputStage
                0x0000000008002f3c       0x26 build/stm32f4xx_hal_tim.o
 .text.TIM_TI2_ConfigInputStage
                0x0000000008002f62       0x28 build/stm32f4xx_hal_tim.o
 .text.TIM_ITRx_SetConfig
                0x0000000008002f8a       0x10 build/stm32f4xx_hal_tim.o
 .text.HAL_TIM_Base_Start_IT
                0x0000000008002f9a       0x22 build/stm32f4xx_hal_tim.o
                0x0000000008002f9a                HAL_TIM_Base_Start_IT
 .text.HAL_TIM_OC_MspInit
                0x0000000008002fbc        0x2 build/stm32f4xx_hal_tim.o
                0x0000000008002fbc                HAL_TIM_OC_MspInit
 .text.HAL_TIM_PWM_MspInit
                0x0000000008002fbe        0x2 build/stm32f4xx_hal_tim.o
                0x0000000008002fbe                HAL_TIM_PWM_MspInit
 .text.HAL_TIM_OC_DelayElapsedCallback
                0x0000000008002fc0        0x2 build/stm32f4xx_hal_tim.o
                0x0000000008002fc0                HAL_TIM_OC_DelayElapsedCallback
 .text.HAL_TIM_IC_CaptureCallback
                0x0000000008002fc2        0x2 build/stm32f4xx_hal_tim.o
                0x0000000008002fc2                HAL_TIM_IC_CaptureCallback
 .text.HAL_TIM_PWM_PulseFinishedCallback
                0x0000000008002fc4        0x2 build/stm32f4xx_hal_tim.o
                0x0000000008002fc4                HAL_TIM_PWM_PulseFinishedCallback
 .text.HAL_TIM_TriggerCallback
                0x0000000008002fc6        0x2 build/stm32f4xx_hal_tim.o
                0x0000000008002fc6                HAL_TIM_TriggerCallback
 .text.HAL_TIM_IRQHandler
                0x0000000008002fc8      0x17a build/stm32f4xx_hal_tim.o
                0x0000000008002fc8                HAL_TIM_IRQHandler
 *fill*         0x0000000008003142        0x2 
 .text.TIM_Base_SetConfig
                0x0000000008003144       0xc8 build/stm32f4xx_hal_tim.o
                0x0000000008003144                TIM_Base_SetConfig
 .text.HAL_TIM_Base_Init
                0x000000000800320c       0x32 build/stm32f4xx_hal_tim.o
                0x000000000800320c                HAL_TIM_Base_Init
 .text.HAL_TIM_OC_Init
                0x000000000800323e       0x32 build/stm32f4xx_hal_tim.o
                0x000000000800323e                HAL_TIM_OC_Init
 .text.HAL_TIM_PWM_Init
                0x0000000008003270       0x32 build/stm32f4xx_hal_tim.o
                0x0000000008003270                HAL_TIM_PWM_Init
 *fill*         0x00000000080032a2        0x2 
 .text.TIM_OC2_SetConfig
                0x00000000080032a4       0x70 build/stm32f4xx_hal_tim.o
                0x00000000080032a4                TIM_OC2_SetConfig
 .text.HAL_TIM_OC_ConfigChannel
                0x0000000008003314       0x5e build/stm32f4xx_hal_tim.o
                0x0000000008003314                HAL_TIM_OC_ConfigChannel
 .text.HAL_TIM_PWM_ConfigChannel
                0x0000000008003372       0xdc build/stm32f4xx_hal_tim.o
                0x0000000008003372                HAL_TIM_PWM_ConfigChannel
 .text.TIM_ETR_SetConfig
                0x000000000800344e       0x18 build/stm32f4xx_hal_tim.o
                0x000000000800344e                TIM_ETR_SetConfig
 .text.HAL_TIM_ConfigClockSource
                0x0000000008003466       0xda build/stm32f4xx_hal_tim.o
                0x0000000008003466                HAL_TIM_ConfigClockSource
 .text.HAL_TIMEx_MasterConfigSynchronization
                0x0000000008003540       0x88 build/stm32f4xx_hal_tim_ex.o
                0x0000000008003540                HAL_TIMEx_MasterConfigSynchronization
 .text.HAL_TIMEx_ConfigBreakDeadTime
                0x00000000080035c8       0x52 build/stm32f4xx_hal_tim_ex.o
                0x00000000080035c8                HAL_TIMEx_ConfigBreakDeadTime
 .text.HAL_TIMEx_CommutCallback
                0x000000000800361a        0x2 build/stm32f4xx_hal_tim_ex.o
                0x000000000800361a                HAL_TIMEx_CommutCallback
 .text.HAL_TIMEx_BreakCallback
                0x000000000800361c        0x2 build/stm32f4xx_hal_tim_ex.o
                0x000000000800361c                HAL_TIMEx_BreakCallback
 *fill*         0x000000000800361e        0x2 
 .text.HAL_RCC_GetSysClockFreq
                0x0000000008003620       0xd8 build/stm32f4xx_hal_rcc.o
                0x0000000008003620                HAL_RCC_GetSysClockFreq
 .text.HAL_RCC_ClockConfig
                0x00000000080036f8      0x160 build/stm32f4xx_hal_rcc.o
                0x00000000080036f8                HAL_RCC_ClockConfig
 .text.HAL_RCC_GetHCLKFreq
                0x0000000008003858        0xc build/stm32f4xx_hal_rcc.o
                0x0000000008003858                HAL_RCC_GetHCLKFreq
 .text.HAL_RCC_GetPCLK1Freq
                0x0000000008003864       0x20 build/stm32f4xx_hal_rcc.o
                0x0000000008003864                HAL_RCC_GetPCLK1Freq
 .text.HAL_RCC_GetClockConfig
                0x0000000008003884       0x3c build/stm32f4xx_hal_rcc.o
                0x0000000008003884                HAL_RCC_GetClockConfig
 .text.HAL_RCC_OscConfig
                0x00000000080038c0      0x390 build/stm32f4xx_hal_rcc_ex.o
                0x00000000080038c0                HAL_RCC_OscConfig
 .text.HAL_GPIO_Init
                0x0000000008003c50      0x1bc build/stm32f4xx_hal_gpio.o
                0x0000000008003c50                HAL_GPIO_Init
 .text.HAL_GPIO_WritePin
                0x0000000008003e0c        0xc build/stm32f4xx_hal_gpio.o
                0x0000000008003e0c                HAL_GPIO_WritePin
 .text.HAL_GPIO_EXTI_Callback
                0x0000000008003e18        0x2 build/stm32f4xx_hal_gpio.o
                0x0000000008003e18                HAL_GPIO_EXTI_Callback
 *fill*         0x0000000008003e1a        0x2 
 .text.HAL_GPIO_EXTI_IRQHandler
                0x0000000008003e1c       0x1c build/stm32f4xx_hal_gpio.o
                0x0000000008003e1c                HAL_GPIO_EXTI_IRQHandler
 .text.DMA_CalcBaseAndBitshift
                0x0000000008003e38       0x3c build/stm32f4xx_hal_dma.o
 .text.DMA_CheckFifoParam
                0x0000000008003e74       0x8e build/stm32f4xx_hal_dma.o
 *fill*         0x0000000008003f02        0x2 
 .text.HAL_DMA_Init
                0x0000000008003f04       0xcc build/stm32f4xx_hal_dma.o
                0x0000000008003f04                HAL_DMA_Init
 .text.HAL_DMA_Abort_IT
                0x0000000008003fd0       0x26 build/stm32f4xx_hal_dma.o
                0x0000000008003fd0                HAL_DMA_Abort_IT
 *fill*         0x0000000008003ff6        0x2 
 .text.HAL_DMA_IRQHandler
                0x0000000008003ff8      0x1dc build/stm32f4xx_hal_dma.o
                0x0000000008003ff8                HAL_DMA_IRQHandler
 .text.HAL_DMA_GetState
                0x00000000080041d4        0x6 build/stm32f4xx_hal_dma.o
                0x00000000080041d4                HAL_DMA_GetState
 *fill*         0x00000000080041da        0x2 
 .text.HAL_NVIC_SetPriorityGrouping
                0x00000000080041dc       0x24 build/stm32f4xx_hal_cortex.o
                0x00000000080041dc                HAL_NVIC_SetPriorityGrouping
 .text.HAL_NVIC_SetPriority
                0x0000000008004200       0x68 build/stm32f4xx_hal_cortex.o
                0x0000000008004200                HAL_NVIC_SetPriority
 .text.HAL_NVIC_EnableIRQ
                0x0000000008004268       0x1c build/stm32f4xx_hal_cortex.o
                0x0000000008004268                HAL_NVIC_EnableIRQ
 .text.HAL_Init
                0x0000000008004284       0x34 build/stm32f4xx_hal.o
                0x0000000008004284                HAL_Init
 .text.HAL_IncTick
                0x00000000080042b8       0x18 build/stm32f4xx_hal.o
                0x00000000080042b8                HAL_IncTick
 .text.HAL_GetTick
                0x00000000080042d0        0xc build/stm32f4xx_hal.o
                0x00000000080042d0                HAL_GetTick
 .text.SystemInit
                0x00000000080042dc       0x1c build/system_stm32f4xx.o
                0x00000000080042dc                SystemInit
 .text.LL_USART_Init
                0x00000000080042f8      0x1d0 build/stm32f4xx_ll_usart.o
                0x00000000080042f8                LL_USART_Init
 .text.LL_GPIO_Init
                0x00000000080044c8      0x13e build/stm32f4xx_ll_gpio.o
                0x00000000080044c8                LL_GPIO_Init
 *fill*         0x0000000008004606        0x2 
 .text.RCC_GetHCLKClockFreq
                0x0000000008004608       0x18 build/stm32f4xx_ll_rcc.o
                0x0000000008004608                RCC_GetHCLKClockFreq
 .text.RCC_GetPCLK1ClockFreq
                0x0000000008004620       0x18 build/stm32f4xx_ll_rcc.o
                0x0000000008004620                RCC_GetPCLK1ClockFreq
 .text.RCC_GetPCLK2ClockFreq
                0x0000000008004638       0x18 build/stm32f4xx_ll_rcc.o
                0x0000000008004638                RCC_GetPCLK2ClockFreq
 .text.RCC_PLL_GetFreqDomain_SYS
                0x0000000008004650       0x4c build/stm32f4xx_ll_rcc.o
                0x0000000008004650                RCC_PLL_GetFreqDomain_SYS
 .text.RCC_GetSystemClockFreq
                0x000000000800469c       0x30 build/stm32f4xx_ll_rcc.o
                0x000000000800469c                RCC_GetSystemClockFreq
 .text.LL_RCC_GetSystemClocksFreq
                0x00000000080046cc       0x20 build/stm32f4xx_ll_rcc.o
                0x00000000080046cc                LL_RCC_GetSystemClocksFreq
 .text.Reset_Handler
                0x00000000080046ec       0x50 build/startup_stm32f413xx.o
                0x00000000080046ec                Reset_Handler
 .text.Default_Handler
                0x000000000800473c        0x2 build/startup_stm32f413xx.o
                0x000000000800473c                RTC_Alarm_IRQHandler
                0x000000000800473c                EXTI2_IRQHandler
                0x000000000800473c                TIM8_CC_IRQHandler
                0x000000000800473c                FMPI2C1_EV_IRQHandler
                0x000000000800473c                TIM1_CC_IRQHandler
                0x000000000800473c                DMA1_Stream5_IRQHandler
                0x000000000800473c                SysTick_Handler
                0x000000000800473c                CAN3_RX1_IRQHandler
                0x000000000800473c                PVD_IRQHandler
                0x000000000800473c                SDIO_IRQHandler
                0x000000000800473c                TAMP_STAMP_IRQHandler
                0x000000000800473c                CAN2_RX1_IRQHandler
                0x000000000800473c                EXTI3_IRQHandler
                0x000000000800473c                TIM8_TRG_COM_TIM14_IRQHandler
                0x000000000800473c                DFSDM1_FLT1_IRQHandler
                0x000000000800473c                TIM1_UP_TIM10_IRQHandler
                0x000000000800473c                TIM8_UP_TIM13_IRQHandler
                0x000000000800473c                I2C3_ER_IRQHandler
                0x000000000800473c                EXTI0_IRQHandler
                0x000000000800473c                I2C2_EV_IRQHandler
                0x000000000800473c                DMA1_Stream2_IRQHandler
                0x000000000800473c                CAN1_RX0_IRQHandler
                0x000000000800473c                FPU_IRQHandler
                0x000000000800473c                CAN3_SCE_IRQHandler
                0x000000000800473c                CAN2_SCE_IRQHandler
                0x000000000800473c                TIM6_DAC_IRQHandler
                0x000000000800473c                TIM1_BRK_TIM9_IRQHandler
                0x000000000800473c                CAN2_RX0_IRQHandler
                0x000000000800473c                DMA2_Stream3_IRQHandler
                0x000000000800473c                CAN3_RX0_IRQHandler
                0x000000000800473c                DFSDM2_FLT3_IRQHandler
                0x000000000800473c                CAN1_RX1_IRQHandler
                0x000000000800473c                UART5_IRQHandler
                0x000000000800473c                DMA2_Stream0_IRQHandler
                0x000000000800473c                TIM4_IRQHandler
                0x000000000800473c                QUADSPI_IRQHandler
                0x000000000800473c                DMA1_Stream1_IRQHandler
                0x000000000800473c                UART4_IRQHandler
                0x000000000800473c                TIM3_IRQHandler
                0x000000000800473c                RCC_IRQHandler
                0x000000000800473c                TIM8_BRK_TIM12_IRQHandler
                0x000000000800473c                Default_Handler
                0x000000000800473c                EXTI15_10_IRQHandler
                0x000000000800473c                ADC_IRQHandler
                0x000000000800473c                DMA1_Stream7_IRQHandler
                0x000000000800473c                DFSDM2_FLT0_IRQHandler
                0x000000000800473c                SPI5_IRQHandler
                0x000000000800473c                TIM7_IRQHandler
                0x000000000800473c                CAN2_TX_IRQHandler
                0x000000000800473c                TIM5_IRQHandler
                0x000000000800473c                DMA2_Stream7_IRQHandler
                0x000000000800473c                I2C3_EV_IRQHandler
                0x000000000800473c                DFSDM2_FLT2_IRQHandler
                0x000000000800473c                RTC_WKUP_IRQHandler
                0x000000000800473c                CAN1_TX_IRQHandler
                0x000000000800473c                FMPI2C1_ER_IRQHandler
                0x000000000800473c                EXTI4_IRQHandler
                0x000000000800473c                DFSDM2_FLT1_IRQHandler
                0x000000000800473c                RNG_IRQHandler
                0x000000000800473c                FSMC_IRQHandler
                0x000000000800473c                WWDG_IRQHandler
                0x000000000800473c                CAN3_TX_IRQHandler
                0x000000000800473c                OTG_FS_WKUP_IRQHandler
                0x000000000800473c                TIM1_TRG_COM_TIM11_IRQHandler
                0x000000000800473c                EXTI1_IRQHandler
                0x000000000800473c                UART7_IRQHandler
                0x000000000800473c                DFSDM1_FLT0_IRQHandler
                0x000000000800473c                I2C2_ER_IRQHandler
                0x000000000800473c                DMA2_Stream1_IRQHandler
                0x000000000800473c                CAN1_SCE_IRQHandler
                0x000000000800473c                FLASH_IRQHandler
                0x000000000800473c                DMA2_Stream4_IRQHandler
                0x000000000800473c                OTG_FS_IRQHandler
                0x000000000800473c                SPI3_IRQHandler
                0x000000000800473c                DMA1_Stream4_IRQHandler
                0x000000000800473c                LPTIM1_IRQHandler
                0x000000000800473c                DMA2_Stream6_IRQHandler
                0x000000000800473c                SAI1_IRQHandler
                0x000000000800473c                DMA1_Stream3_IRQHandler
 *(.glue_7)
 .glue_7        0x000000000800473e        0x0 linker stubs
 *(.glue_7t)
 .glue_7t       0x000000000800473e        0x0 linker stubs
 *(.eh_frame)
 *fill*         0x000000000800473e        0x2 
 .eh_frame      0x0000000008004740        0x0 /usr/lib/gcc/arm-none-eabi/7.3.1/thumb/v7e-m/fpv4-sp/hard/crtbegin.o
 *(.init)
 .init          0x0000000008004740        0x4 /usr/lib/gcc/arm-none-eabi/7.3.1/thumb/v7e-m/fpv4-sp/hard/crti.o
                0x0000000008004740                _init
 .init          0x0000000008004744        0x8 /usr/lib/gcc/arm-none-eabi/7.3.1/thumb/v7e-m/fpv4-sp/hard/crtn.o
 *(.fini)
 .fini          0x000000000800474c        0x4 /usr/lib/gcc/arm-none-eabi/7.3.1/thumb/v7e-m/fpv4-sp/hard/crti.o
                0x000000000800474c                _fini
 .fini          0x0000000008004750        0x8 /usr/lib/gcc/arm-none-eabi/7.3.1/thumb/v7e-m/fpv4-sp/hard/crtn.o
                0x0000000008004758                . = ALIGN (0x4)
                0x0000000008004758                _etext = .

.vfp11_veneer   0x0000000008004758        0x0
 .vfp11_veneer  0x0000000008004758        0x0 linker stubs

.v4_bx          0x0000000008004758        0x0
 .v4_bx         0x0000000008004758        0x0 linker stubs

.iplt           0x0000000008004758        0x0
 .iplt          0x0000000008004758        0x0 /usr/lib/gcc/arm-none-eabi/7.3.1/thumb/v7e-m/fpv4-sp/hard/crtbegin.o

.rodata         0x0000000008004758       0x20
                0x0000000008004758                . = ALIGN (0x4)
 *(.rodata)
 *(.rodata*)
 .rodata.flagBitshiftOffset.8572
                0x0000000008004758        0x8 build/stm32f4xx_hal_dma.o
 .rodata.AHBPrescTable
                0x0000000008004760       0x10 build/system_stm32f4xx.o
                0x0000000008004760                AHBPrescTable
 .rodata.APBPrescTable
                0x0000000008004770        0x8 build/system_stm32f4xx.o
                0x0000000008004770                APBPrescTable
                0x0000000008004778                . = ALIGN (0x4)

.ARM.extab
 *(.ARM.extab* .gnu.linkonce.armextab.*)

.ARM            0x0000000008004778        0x8
                0x0000000008004778                __exidx_start = .
 *(.ARM.exidx*)
 .ARM.exidx     0x0000000008004778        0x8 /usr/lib/gcc/arm-none-eabi/7.3.1/thumb/v7e-m/fpv4-sp/hard/libgcc.a(_udivmoddi4.o)
                0x0000000008004780                __exidx_end = .

.rel.dyn        0x0000000008004780        0x0
 .rel.iplt      0x0000000008004780        0x0 /usr/lib/gcc/arm-none-eabi/7.3.1/thumb/v7e-m/fpv4-sp/hard/crtbegin.o

.preinit_array  0x0000000008004780        0x0
                0x0000000008004780                PROVIDE (__preinit_array_start = .)
 *(.preinit_array*)
                0x0000000008004780                PROVIDE (__preinit_array_end = .)

.init_array     0x0000000008004780        0x4
                0x0000000008004780                PROVIDE (__init_array_start = .)
 *(SORT_BY_NAME(.init_array.*))
 *(.init_array*)
 .init_array    0x0000000008004780        0x4 /usr/lib/gcc/arm-none-eabi/7.3.1/thumb/v7e-m/fpv4-sp/hard/crtbegin.o
                0x0000000008004784                PROVIDE (__init_array_end = .)

.fini_array     0x0000000008004784        0x4
                0x0000000008004784                PROVIDE (__fini_array_start = .)
 *(SORT_BY_NAME(.fini_array.*))
 *(.fini_array*)
 .fini_array    0x0000000008004784        0x4 /usr/lib/gcc/arm-none-eabi/7.3.1/thumb/v7e-m/fpv4-sp/hard/crtbegin.o
                0x0000000008004788                PROVIDE (__fini_array_end = .)
                0x0000000008004788                _sidata = LOADADDR (.data)

.data           0x0000000020000000        0xc load address 0x0000000008004788
                0x0000000020000000                . = ALIGN (0x4)
                0x0000000020000000                _sdata = .
 *(.data)
 *(.data*)
 .data.uwTickFreq
                0x0000000020000000        0x1 build/stm32f4xx_hal.o
                0x0000000020000000                uwTickFreq
 *fill*         0x0000000020000001        0x3 
 .data.uwTickPrio
                0x0000000020000004        0x4 build/stm32f4xx_hal.o
                0x0000000020000004                uwTickPrio
 .data.SystemCoreClock
                0x0000000020000008        0x4 build/system_stm32f4xx.o
                0x0000000020000008                SystemCoreClock
                0x000000002000000c                . = ALIGN (0x4)
                0x000000002000000c                _edata = .

.tm_clone_table
                0x000000002000000c        0x0 load address 0x0000000008004794
 .tm_clone_table
                0x000000002000000c        0x0 /usr/lib/gcc/arm-none-eabi/7.3.1/thumb/v7e-m/fpv4-sp/hard/crtbegin.o
 .tm_clone_table
                0x000000002000000c        0x0 /usr/lib/gcc/arm-none-eabi/7.3.1/thumb/v7e-m/fpv4-sp/hard/crtend.o

.igot.plt       0x000000002000000c        0x0 load address 0x0000000008004794
 .igot.plt      0x000000002000000c        0x0 /usr/lib/gcc/arm-none-eabi/7.3.1/thumb/v7e-m/fpv4-sp/hard/crtbegin.o
                0x000000002000000c                . = ALIGN (0x4)

.bss            0x000000002000000c      0x40c load address 0x0000000008004794
                0x000000002000000c                _sbss = .
                0x000000002000000c                __bss_start__ = _sbss
 *(.bss)
 .bss           0x000000002000000c       0x1c /usr/lib/gcc/arm-none-eabi/7.3.1/thumb/v7e-m/fpv4-sp/hard/crtbegin.o
 *(.bss*)
 *(COMMON)
 COMMON         0x0000000020000028       0x48 build/adc.o
                0x0000000020000028                hadc1
 COMMON         0x0000000020000070        0x8 build/crc.o
                0x0000000020000070                hcrc
 COMMON         0x0000000020000078      0x114 build/i2c.o
                0x0000000020000078                hdma_i2c1_tx
                0x00000000200000d8                hi2c1
                0x000000002000012c                hdma_i2c1_rx
 COMMON         0x000000002000018c      0x1c8 build/spi.o
                0x000000002000018c                hspi2
                0x00000000200001e4                hspi4
                0x000000002000023c                hspi1
                0x0000000020000294                hdma_spi1_rx
                0x00000000200002f4                hdma_spi1_tx
 COMMON         0x0000000020000354       0x80 build/tim.o
                0x0000000020000354                htim3
                0x0000000020000394                htim1
 COMMON         0x00000000200003d4       0x40 build/stm32f4xx_hal_timebase_tim.o
                0x00000000200003d4                htim2
 COMMON         0x0000000020000414        0x4 build/stm32f4xx_hal.o
                0x0000000020000414                uwTick
                0x0000000020000418                . = ALIGN (0x4)
                0x0000000020000418                _ebss = .
                0x0000000020000418                __bss_end__ = _ebss

._user_heap_stack
                0x0000000020000418      0x600 load address 0x0000000008004794
                0x0000000020000418                . = ALIGN (0x8)
                [!provide]                        PROVIDE (end = .)
                [!provide]                        PROVIDE (_end = .)
                0x0000000020000618                . = (. + _Min_Heap_Size)
 *fill*         0x0000000020000418      0x200 
                0x0000000020000a18                . = (. + _Min_Stack_Size)
 *fill*         0x0000000020000618      0x400 
                0x0000000020000a18                . = ALIGN (0x8)

/DISCARD/
 libc.a(*)
 libm.a(*)
 libgcc.a(*)

.ARM.attributes
                0x0000000000000000       0x30
 *(.ARM.attributes)
 .ARM.attributes
                0x0000000000000000       0x22 /usr/lib/gcc/arm-none-eabi/7.3.1/thumb/v7e-m/fpv4-sp/hard/crti.o
 .ARM.attributes
                0x0000000000000022       0x34 /usr/lib/gcc/arm-none-eabi/7.3.1/thumb/v7e-m/fpv4-sp/hard/crtbegin.o
 .ARM.attributes
                0x0000000000000056       0x39 build/main.o
 .ARM.attributes
                0x000000000000008f       0x39 build/gpio.o
 .ARM.attributes
                0x00000000000000c8       0x39 build/adc.o
 .ARM.attributes
                0x0000000000000101       0x39 build/crc.o
 .ARM.attributes
                0x000000000000013a       0x39 build/dma.o
 .ARM.attributes
                0x0000000000000173       0x39 build/i2c.o
 .ARM.attributes
                0x00000000000001ac       0x39 build/spi.o
 .ARM.attributes
                0x00000000000001e5       0x39 build/tim.o
 .ARM.attributes
                0x000000000000021e       0x39 build/usart.o
 .ARM.attributes
                0x0000000000000257       0x39 build/stm32f4xx_it.o
 .ARM.attributes
                0x0000000000000290       0x39 build/stm32f4xx_hal_msp.o
 .ARM.attributes
                0x00000000000002c9       0x39 build/stm32f4xx_hal_timebase_tim.o
 .ARM.attributes
                0x0000000000000302       0x39 build/stm32f4xx_hal_adc.o
 .ARM.attributes
                0x000000000000033b       0x39 build/stm32f4xx_hal_crc.o
 .ARM.attributes
                0x0000000000000374       0x39 build/stm32f4xx_hal_i2c.o
 .ARM.attributes
                0x00000000000003ad       0x39 build/stm32f4xx_hal_spi.o
 .ARM.attributes
                0x00000000000003e6       0x39 build/stm32f4xx_hal_tim.o
 .ARM.attributes
                0x000000000000041f       0x39 build/stm32f4xx_hal_tim_ex.o
 .ARM.attributes
                0x0000000000000458       0x39 build/stm32f4xx_hal_rcc.o
 .ARM.attributes
                0x0000000000000491       0x39 build/stm32f4xx_hal_rcc_ex.o
 .ARM.attributes
                0x00000000000004ca       0x39 build/stm32f4xx_hal_gpio.o
 .ARM.attributes
                0x0000000000000503       0x39 build/stm32f4xx_hal_dma.o
 .ARM.attributes
                0x000000000000053c       0x39 build/stm32f4xx_hal_cortex.o
 .ARM.attributes
                0x0000000000000575       0x39 build/stm32f4xx_hal.o
 .ARM.attributes
                0x00000000000005ae       0x39 build/system_stm32f4xx.o
 .ARM.attributes
                0x00000000000005e7       0x39 build/stm32f4xx_ll_usart.o
 .ARM.attributes
                0x0000000000000620       0x39 build/stm32f4xx_ll_gpio.o
 .ARM.attributes
                0x0000000000000659       0x39 build/stm32f4xx_ll_rcc.o
 .ARM.attributes
                0x0000000000000692       0x21 build/startup_stm32f413xx.o
 .ARM.attributes
                0x00000000000006b3       0x34 /usr/lib/gcc/arm-none-eabi/7.3.1/../../../arm-none-eabi/lib/thumb/v7e-m/fpv4-sp/hard/libc_nano.a(lib_a-init.o)
 .ARM.attributes
                0x00000000000006e7       0x34 /usr/lib/gcc/arm-none-eabi/7.3.1/../../../arm-none-eabi/lib/thumb/v7e-m/fpv4-sp/hard/libc_nano.a(lib_a-memset.o)
 .ARM.attributes
                0x000000000000071b       0x22 /usr/lib/gcc/arm-none-eabi/7.3.1/thumb/v7e-m/fpv4-sp/hard/libgcc.a(_aeabi_uldivmod.o)
 .ARM.attributes
                0x000000000000073d       0x34 /usr/lib/gcc/arm-none-eabi/7.3.1/thumb/v7e-m/fpv4-sp/hard/libgcc.a(_udivmoddi4.o)
 .ARM.attributes
                0x0000000000000771       0x22 /usr/lib/gcc/arm-none-eabi/7.3.1/thumb/v7e-m/fpv4-sp/hard/libgcc.a(_dvmd_tls.o)
 .ARM.attributes
                0x0000000000000793       0x34 /usr/lib/gcc/arm-none-eabi/7.3.1/thumb/v7e-m/fpv4-sp/hard/crtend.o
 .ARM.attributes
                0x00000000000007c7       0x22 /usr/lib/gcc/arm-none-eabi/7.3.1/thumb/v7e-m/fpv4-sp/hard/crtn.o
OUTPUT(build/TitanMCU.elf elf32-littlearm)

.comment        0x0000000000000000       0xae
 .comment       0x0000000000000000       0x57 /usr/lib/gcc/arm-none-eabi/7.3.1/thumb/v7e-m/fpv4-sp/hard/crtbegin.o
                                         0x58 (size before relaxing)
 .comment       0x0000000000000057       0x58 build/main.o
 .comment       0x0000000000000057       0x58 build/gpio.o
 .comment       0x0000000000000057       0x58 build/adc.o
 .comment       0x0000000000000057       0x58 build/crc.o
 .comment       0x0000000000000057       0x58 build/dma.o
 .comment       0x0000000000000057       0x58 build/i2c.o
 .comment       0x0000000000000057       0x58 build/spi.o
 .comment       0x0000000000000057       0x58 build/tim.o
 .comment       0x0000000000000057       0x58 build/usart.o
 .comment       0x0000000000000057       0x58 build/stm32f4xx_it.o
 .comment       0x0000000000000057       0x58 build/stm32f4xx_hal_msp.o
 .comment       0x0000000000000057       0x58 build/stm32f4xx_hal_timebase_tim.o
 .comment       0x0000000000000057       0x58 build/stm32f4xx_hal_adc.o
 .comment       0x0000000000000057       0x58 build/stm32f4xx_hal_crc.o
 .comment       0x0000000000000057       0x58 build/stm32f4xx_hal_i2c.o
 .comment       0x0000000000000057       0x58 build/stm32f4xx_hal_spi.o
 .comment       0x0000000000000057       0x58 build/stm32f4xx_hal_tim.o
 .comment       0x0000000000000057       0x58 build/stm32f4xx_hal_tim_ex.o
 .comment       0x0000000000000057       0x58 build/stm32f4xx_hal_rcc.o
 .comment       0x0000000000000057       0x58 build/stm32f4xx_hal_rcc_ex.o
 .comment       0x0000000000000057       0x58 build/stm32f4xx_hal_gpio.o
 .comment       0x0000000000000057       0x58 build/stm32f4xx_hal_dma.o
 .comment       0x0000000000000057       0x58 build/stm32f4xx_hal_cortex.o
 .comment       0x0000000000000057       0x58 build/stm32f4xx_hal.o
 .comment       0x0000000000000057       0x58 build/system_stm32f4xx.o
 .comment       0x0000000000000057       0x58 build/stm32f4xx_ll_usart.o
 .comment       0x0000000000000057       0x58 build/stm32f4xx_ll_gpio.o
 .comment       0x0000000000000057       0x58 build/stm32f4xx_ll_rcc.o
 .comment       0x0000000000000057       0x57 /usr/lib/gcc/arm-none-eabi/7.3.1/../../../arm-none-eabi/lib/thumb/v7e-m/fpv4-sp/hard/libc_nano.a(lib_a-init.o)
                                         0x58 (size before relaxing)
 .comment       0x00000000000000ae       0x58 /usr/lib/gcc/arm-none-eabi/7.3.1/../../../arm-none-eabi/lib/thumb/v7e-m/fpv4-sp/hard/libc_nano.a(lib_a-memset.o)
 .comment       0x00000000000000ae       0x58 /usr/lib/gcc/arm-none-eabi/7.3.1/thumb/v7e-m/fpv4-sp/hard/libgcc.a(_udivmoddi4.o)
 .comment       0x00000000000000ae       0x58 /usr/lib/gcc/arm-none-eabi/7.3.1/thumb/v7e-m/fpv4-sp/hard/crtend.o

.debug_info     0x0000000000000000    0x1f047
 .debug_info    0x0000000000000000     0x1701 build/main.o
 .debug_info    0x0000000000001701      0xa89 build/gpio.o
 .debug_info    0x000000000000218a      0xc08 build/adc.o
 .debug_info    0x0000000000002d92      0x5dd build/crc.o
 .debug_info    0x000000000000336f      0x765 build/dma.o
 .debug_info    0x0000000000003ad4      0xf8f build/i2c.o
 .debug_info    0x0000000000004a63     0x118b build/spi.o
 .debug_info    0x0000000000005bee     0x11a3 build/tim.o
 .debug_info    0x0000000000006d91     0x16ec build/usart.o
 .debug_info    0x000000000000847d     0x1010 build/stm32f4xx_it.o
 .debug_info    0x000000000000948d      0x407 build/stm32f4xx_hal_msp.o
 .debug_info    0x0000000000009894      0xd80 build/stm32f4xx_hal_timebase_tim.o
 .debug_info    0x000000000000a614      0xf44 build/stm32f4xx_hal_adc.o
 .debug_info    0x000000000000b558      0x4a6 build/stm32f4xx_hal_crc.o
 .debug_info    0x000000000000b9fe     0x352b build/stm32f4xx_hal_i2c.o
 .debug_info    0x000000000000ef29     0x1d82 build/stm32f4xx_hal_spi.o
 .debug_info    0x0000000000010cab     0x34d1 build/stm32f4xx_hal_tim.o
 .debug_info    0x000000000001417c     0x194a build/stm32f4xx_hal_tim_ex.o
 .debug_info    0x0000000000015ac6      0xbc5 build/stm32f4xx_hal_rcc.o
 .debug_info    0x000000000001668b      0xb2c build/stm32f4xx_hal_rcc_ex.o
 .debug_info    0x00000000000171b7      0x8e0 build/stm32f4xx_hal_gpio.o
 .debug_info    0x0000000000017a97      0xb46 build/stm32f4xx_hal_dma.o
 .debug_info    0x00000000000185dd     0x10c0 build/stm32f4xx_hal_cortex.o
 .debug_info    0x000000000001969d      0xb60 build/stm32f4xx_hal.o
 .debug_info    0x000000000001a1fd      0x618 build/system_stm32f4xx.o
 .debug_info    0x000000000001a815      0xb49 build/stm32f4xx_ll_usart.o
 .debug_info    0x000000000001b35e      0xc7c build/stm32f4xx_ll_gpio.o
 .debug_info    0x000000000001bfda     0x13ce build/stm32f4xx_ll_rcc.o
 .debug_info    0x000000000001d3a8       0x22 build/startup_stm32f413xx.o
 .debug_info    0x000000000001d3ca      0x109 /usr/lib/gcc/arm-none-eabi/7.3.1/../../../arm-none-eabi/lib/thumb/v7e-m/fpv4-sp/hard/libc_nano.a(lib_a-init.o)
 .debug_info    0x000000000001d4d3      0xe1d /usr/lib/gcc/arm-none-eabi/7.3.1/../../../arm-none-eabi/lib/thumb/v7e-m/fpv4-sp/hard/libc_nano.a(lib_a-memset.o)
 .debug_info    0x000000000001e2f0       0x26 /usr/lib/gcc/arm-none-eabi/7.3.1/thumb/v7e-m/fpv4-sp/hard/libgcc.a(_aeabi_uldivmod.o)
 .debug_info    0x000000000001e316      0xd0b /usr/lib/gcc/arm-none-eabi/7.3.1/thumb/v7e-m/fpv4-sp/hard/libgcc.a(_udivmoddi4.o)
 .debug_info    0x000000000001f021       0x26 /usr/lib/gcc/arm-none-eabi/7.3.1/thumb/v7e-m/fpv4-sp/hard/libgcc.a(_dvmd_tls.o)

.debug_abbrev   0x0000000000000000     0x3fb1
 .debug_abbrev  0x0000000000000000      0x226 build/main.o
 .debug_abbrev  0x0000000000000226      0x18c build/gpio.o
 .debug_abbrev  0x00000000000003b2      0x1d9 build/adc.o
 .debug_abbrev  0x000000000000058b      0x19f build/crc.o
 .debug_abbrev  0x000000000000072a      0x14f build/dma.o
 .debug_abbrev  0x0000000000000879      0x1f3 build/i2c.o
 .debug_abbrev  0x0000000000000a6c      0x1f3 build/spi.o
 .debug_abbrev  0x0000000000000c5f      0x231 build/tim.o
 .debug_abbrev  0x0000000000000e90      0x268 build/usart.o
 .debug_abbrev  0x00000000000010f8      0x1f1 build/stm32f4xx_it.o
 .debug_abbrev  0x00000000000012e9      0x117 build/stm32f4xx_hal_msp.o
 .debug_abbrev  0x0000000000001400      0x1f0 build/stm32f4xx_hal_timebase_tim.o
 .debug_abbrev  0x00000000000015f0      0x291 build/stm32f4xx_hal_adc.o
 .debug_abbrev  0x0000000000001881      0x1eb build/stm32f4xx_hal_crc.o
 .debug_abbrev  0x0000000000001a6c      0x2de build/stm32f4xx_hal_i2c.o
 .debug_abbrev  0x0000000000001d4a      0x298 build/stm32f4xx_hal_spi.o
 .debug_abbrev  0x0000000000001fe2      0x274 build/stm32f4xx_hal_tim.o
 .debug_abbrev  0x0000000000002256      0x285 build/stm32f4xx_hal_tim_ex.o
 .debug_abbrev  0x00000000000024db      0x28d build/stm32f4xx_hal_rcc.o
 .debug_abbrev  0x0000000000002768      0x1c9 build/stm32f4xx_hal_rcc_ex.o
 .debug_abbrev  0x0000000000002931      0x21c build/stm32f4xx_hal_gpio.o
 .debug_abbrev  0x0000000000002b4d      0x2ac build/stm32f4xx_hal_dma.o
 .debug_abbrev  0x0000000000002df9      0x33d build/stm32f4xx_hal_cortex.o
 .debug_abbrev  0x0000000000003136      0x1ed build/stm32f4xx_hal.o
 .debug_abbrev  0x0000000000003323      0x12a build/system_stm32f4xx.o
 .debug_abbrev  0x000000000000344d      0x277 build/stm32f4xx_ll_usart.o
 .debug_abbrev  0x00000000000036c4      0x23a build/stm32f4xx_ll_gpio.o
 .debug_abbrev  0x00000000000038fe      0x27e build/stm32f4xx_ll_rcc.o
 .debug_abbrev  0x0000000000003b7c       0x12 build/startup_stm32f413xx.o
 .debug_abbrev  0x0000000000003b8e       0xba /usr/lib/gcc/arm-none-eabi/7.3.1/../../../arm-none-eabi/lib/thumb/v7e-m/fpv4-sp/hard/libc_nano.a(lib_a-init.o)
 .debug_abbrev  0x0000000000003c48      0x1a8 /usr/lib/gcc/arm-none-eabi/7.3.1/../../../arm-none-eabi/lib/thumb/v7e-m/fpv4-sp/hard/libc_nano.a(lib_a-memset.o)
 .debug_abbrev  0x0000000000003df0       0x14 /usr/lib/gcc/arm-none-eabi/7.3.1/thumb/v7e-m/fpv4-sp/hard/libgcc.a(_aeabi_uldivmod.o)
 .debug_abbrev  0x0000000000003e04      0x199 /usr/lib/gcc/arm-none-eabi/7.3.1/thumb/v7e-m/fpv4-sp/hard/libgcc.a(_udivmoddi4.o)
 .debug_abbrev  0x0000000000003f9d       0x14 /usr/lib/gcc/arm-none-eabi/7.3.1/thumb/v7e-m/fpv4-sp/hard/libgcc.a(_dvmd_tls.o)

.debug_loc      0x0000000000000000    0x12ebc
 .debug_loc     0x0000000000000000       0xb3 build/main.o
 .debug_loc     0x00000000000000b3       0x39 build/gpio.o
 .debug_loc     0x00000000000000ec      0x11c build/adc.o
 .debug_loc     0x0000000000000208       0x4c build/crc.o
 .debug_loc     0x0000000000000254       0x38 build/dma.o
 .debug_loc     0x000000000000028c       0xe7 build/i2c.o
 .debug_loc     0x0000000000000373      0x198 build/spi.o
 .debug_loc     0x000000000000050b      0x15b build/tim.o
 .debug_loc     0x0000000000000666      0x54f build/usart.o
 .debug_loc     0x0000000000000bb5      0x160 build/stm32f4xx_it.o
 .debug_loc     0x0000000000000d15       0x2c build/stm32f4xx_hal_msp.o
 .debug_loc     0x0000000000000d41       0xae build/stm32f4xx_hal_timebase_tim.o
 .debug_loc     0x0000000000000def      0xbf4 build/stm32f4xx_hal_adc.o
 .debug_loc     0x00000000000019e3      0x2d7 build/stm32f4xx_hal_crc.o
 .debug_loc     0x0000000000001cba     0x42f8 build/stm32f4xx_hal_i2c.o
 .debug_loc     0x0000000000005fb2     0x20fa build/stm32f4xx_hal_spi.o
 .debug_loc     0x00000000000080ac     0x4378 build/stm32f4xx_hal_tim.o
 .debug_loc     0x000000000000c424     0x165d build/stm32f4xx_hal_tim_ex.o
 .debug_loc     0x000000000000da81      0x573 build/stm32f4xx_hal_rcc.o
 .debug_loc     0x000000000000dff4      0x8cc build/stm32f4xx_hal_rcc_ex.o
 .debug_loc     0x000000000000e8c0      0x53e build/stm32f4xx_hal_gpio.o
 .debug_loc     0x000000000000edfe      0xc96 build/stm32f4xx_hal_dma.o
 .debug_loc     0x000000000000fa94      0x65e build/stm32f4xx_hal_cortex.o
 .debug_loc     0x00000000000100f2      0x1bb build/stm32f4xx_hal.o
 .debug_loc     0x00000000000102ad      0x13e build/system_stm32f4xx.o
 .debug_loc     0x00000000000103eb      0x76d build/stm32f4xx_ll_usart.o
 .debug_loc     0x0000000000010b58      0x557 build/stm32f4xx_ll_gpio.o
 .debug_loc     0x00000000000110af      0xdab build/stm32f4xx_ll_rcc.o
 .debug_loc     0x0000000000011e5a       0xa2 /usr/lib/gcc/arm-none-eabi/7.3.1/../../../arm-none-eabi/lib/thumb/v7e-m/fpv4-sp/hard/libc_nano.a(lib_a-init.o)
 .debug_loc     0x0000000000011efc      0x175 /usr/lib/gcc/arm-none-eabi/7.3.1/../../../arm-none-eabi/lib/thumb/v7e-m/fpv4-sp/hard/libc_nano.a(lib_a-memset.o)
 .debug_loc     0x0000000000012071      0xe4b /usr/lib/gcc/arm-none-eabi/7.3.1/thumb/v7e-m/fpv4-sp/hard/libgcc.a(_udivmoddi4.o)

.debug_aranges  0x0000000000000000     0x1338
 .debug_aranges
                0x0000000000000000       0x38 build/main.o
 .debug_aranges
                0x0000000000000038       0x20 build/gpio.o
 .debug_aranges
                0x0000000000000058       0x30 build/adc.o
 .debug_aranges
                0x0000000000000088       0x30 build/crc.o
 .debug_aranges
                0x00000000000000b8       0x20 build/dma.o
 .debug_aranges
                0x00000000000000d8       0x30 build/i2c.o
 .debug_aranges
                0x0000000000000108       0x40 build/spi.o
 .debug_aranges
                0x0000000000000148       0x40 build/tim.o
 .debug_aranges
                0x0000000000000188       0x50 build/usart.o
 .debug_aranges
                0x00000000000001d8       0xe8 build/stm32f4xx_it.o
 .debug_aranges
                0x00000000000002c0       0x20 build/stm32f4xx_hal_msp.o
 .debug_aranges
                0x00000000000002e0       0x30 build/stm32f4xx_hal_timebase_tim.o
 .debug_aranges
                0x0000000000000310       0xe8 build/stm32f4xx_hal_adc.o
 .debug_aranges
                0x00000000000003f8       0x50 build/stm32f4xx_hal_crc.o
 .debug_aranges
                0x0000000000000448      0x298 build/stm32f4xx_hal_i2c.o
 .debug_aranges
                0x00000000000006e0      0x1d0 build/stm32f4xx_hal_spi.o
 .debug_aranges
                0x00000000000008b0      0x3a8 build/stm32f4xx_hal_tim.o
 .debug_aranges
                0x0000000000000c58      0x150 build/stm32f4xx_hal_tim_ex.o
 .debug_aranges
                0x0000000000000da8       0x88 build/stm32f4xx_hal_rcc.o
 .debug_aranges
                0x0000000000000e30       0x60 build/stm32f4xx_hal_rcc_ex.o
 .debug_aranges
                0x0000000000000e90       0x58 build/stm32f4xx_hal_gpio.o
 .debug_aranges
                0x0000000000000ee8       0x90 build/stm32f4xx_hal_dma.o
 .debug_aranges
                0x0000000000000f78       0xa8 build/stm32f4xx_hal_cortex.o
 .debug_aranges
                0x0000000000001020       0xf0 build/stm32f4xx_hal.o
 .debug_aranges
                0x0000000000001110       0x28 build/system_stm32f4xx.o
 .debug_aranges
                0x0000000000001138       0x40 build/stm32f4xx_ll_usart.o
 .debug_aranges
                0x0000000000001178       0x30 build/stm32f4xx_ll_gpio.o
 .debug_aranges
                0x00000000000011a8       0xc8 build/stm32f4xx_ll_rcc.o
 .debug_aranges
                0x0000000000001270       0x28 build/startup_stm32f413xx.o
 .debug_aranges
                0x0000000000001298       0x20 /usr/lib/gcc/arm-none-eabi/7.3.1/../../../arm-none-eabi/lib/thumb/v7e-m/fpv4-sp/hard/libc_nano.a(lib_a-init.o)
 .debug_aranges
                0x00000000000012b8       0x20 /usr/lib/gcc/arm-none-eabi/7.3.1/../../../arm-none-eabi/lib/thumb/v7e-m/fpv4-sp/hard/libc_nano.a(lib_a-memset.o)
 .debug_aranges
                0x00000000000012d8       0x20 /usr/lib/gcc/arm-none-eabi/7.3.1/thumb/v7e-m/fpv4-sp/hard/libgcc.a(_aeabi_uldivmod.o)
 .debug_aranges
                0x00000000000012f8       0x20 /usr/lib/gcc/arm-none-eabi/7.3.1/thumb/v7e-m/fpv4-sp/hard/libgcc.a(_udivmoddi4.o)
 .debug_aranges
                0x0000000000001318       0x20 /usr/lib/gcc/arm-none-eabi/7.3.1/thumb/v7e-m/fpv4-sp/hard/libgcc.a(_dvmd_tls.o)

.debug_ranges   0x0000000000000000     0x1270
 .debug_ranges  0x0000000000000000       0x28 build/main.o
 .debug_ranges  0x0000000000000028       0x10 build/gpio.o
 .debug_ranges  0x0000000000000038       0x20 build/adc.o
 .debug_ranges  0x0000000000000058       0x20 build/crc.o
 .debug_ranges  0x0000000000000078       0x10 build/dma.o
 .debug_ranges  0x0000000000000088       0x20 build/i2c.o
 .debug_ranges  0x00000000000000a8       0x30 build/spi.o
 .debug_ranges  0x00000000000000d8       0x30 build/tim.o
 .debug_ranges  0x0000000000000108       0x40 build/usart.o
 .debug_ranges  0x0000000000000148       0xd8 build/stm32f4xx_it.o
 .debug_ranges  0x0000000000000220       0x10 build/stm32f4xx_hal_msp.o
 .debug_ranges  0x0000000000000230       0x20 build/stm32f4xx_hal_timebase_tim.o
 .debug_ranges  0x0000000000000250       0xd8 build/stm32f4xx_hal_adc.o
 .debug_ranges  0x0000000000000328       0x40 build/stm32f4xx_hal_crc.o
 .debug_ranges  0x0000000000000368      0x2a0 build/stm32f4xx_hal_i2c.o
 .debug_ranges  0x0000000000000608      0x1c0 build/stm32f4xx_hal_spi.o
 .debug_ranges  0x00000000000007c8      0x398 build/stm32f4xx_hal_tim.o
 .debug_ranges  0x0000000000000b60      0x140 build/stm32f4xx_hal_tim_ex.o
 .debug_ranges  0x0000000000000ca0       0x90 build/stm32f4xx_hal_rcc.o
 .debug_ranges  0x0000000000000d30       0x68 build/stm32f4xx_hal_rcc_ex.o
 .debug_ranges  0x0000000000000d98       0x48 build/stm32f4xx_hal_gpio.o
 .debug_ranges  0x0000000000000de0       0x80 build/stm32f4xx_hal_dma.o
 .debug_ranges  0x0000000000000e60       0xf8 build/stm32f4xx_hal_cortex.o
 .debug_ranges  0x0000000000000f58       0xe0 build/stm32f4xx_hal.o
 .debug_ranges  0x0000000000001038       0x18 build/system_stm32f4xx.o
 .debug_ranges  0x0000000000001050       0x48 build/stm32f4xx_ll_usart.o
 .debug_ranges  0x0000000000001098       0x20 build/stm32f4xx_ll_gpio.o
 .debug_ranges  0x00000000000010b8       0xb8 build/stm32f4xx_ll_rcc.o
 .debug_ranges  0x0000000000001170       0x20 build/startup_stm32f413xx.o
 .debug_ranges  0x0000000000001190       0xe0 /usr/lib/gcc/arm-none-eabi/7.3.1/thumb/v7e-m/fpv4-sp/hard/libgcc.a(_udivmoddi4.o)

.debug_line     0x0000000000000000     0x9381
 .debug_line    0x0000000000000000      0x2f6 build/main.o
 .debug_line    0x00000000000002f6      0x1c3 build/gpio.o
 .debug_line    0x00000000000004b9      0x22a build/adc.o
 .debug_line    0x00000000000006e3      0x1c9 build/crc.o
 .debug_line    0x00000000000008ac      0x177 build/dma.o
 .debug_line    0x0000000000000a23      0x24c build/i2c.o
 .debug_line    0x0000000000000c6f      0x2c5 build/spi.o
 .debug_line    0x0000000000000f34      0x2ca build/tim.o
 .debug_line    0x00000000000011fe      0x40c build/usart.o
 .debug_line    0x000000000000160a      0x398 build/stm32f4xx_it.o
 .debug_line    0x00000000000019a2      0x164 build/stm32f4xx_hal_msp.o
 .debug_line    0x0000000000001b06      0x1fc build/stm32f4xx_hal_timebase_tim.o
 .debug_line    0x0000000000001d02      0x660 build/stm32f4xx_hal_adc.o
 .debug_line    0x0000000000002362      0x24f build/stm32f4xx_hal_crc.o
 .debug_line    0x00000000000025b1     0x1750 build/stm32f4xx_hal_i2c.o
 .debug_line    0x0000000000003d01      0xbf3 build/stm32f4xx_hal_spi.o
 .debug_line    0x00000000000048f4     0x13af build/stm32f4xx_hal_tim.o
 .debug_line    0x0000000000005ca3      0x809 build/stm32f4xx_hal_tim_ex.o
 .debug_line    0x00000000000064ac      0x458 build/stm32f4xx_hal_rcc.o
 .debug_line    0x0000000000006904      0x4e7 build/stm32f4xx_hal_rcc_ex.o
 .debug_line    0x0000000000006deb      0x312 build/stm32f4xx_hal_gpio.o
 .debug_line    0x00000000000070fd      0x4bb build/stm32f4xx_hal_dma.o
 .debug_line    0x00000000000075b8      0x3e0 build/stm32f4xx_hal_cortex.o
 .debug_line    0x0000000000007998      0x396 build/stm32f4xx_hal.o
 .debug_line    0x0000000000007d2e      0x179 build/system_stm32f4xx.o
 .debug_line    0x0000000000007ea7      0x366 build/stm32f4xx_ll_usart.o
 .debug_line    0x000000000000820d      0x353 build/stm32f4xx_ll_gpio.o
 .debug_line    0x0000000000008560      0x7d6 build/stm32f4xx_ll_rcc.o
 .debug_line    0x0000000000008d36       0x74 build/startup_stm32f413xx.o
 .debug_line    0x0000000000008daa       0xbf /usr/lib/gcc/arm-none-eabi/7.3.1/../../../arm-none-eabi/lib/thumb/v7e-m/fpv4-sp/hard/libc_nano.a(lib_a-init.o)
 .debug_line    0x0000000000008e69      0x1ee /usr/lib/gcc/arm-none-eabi/7.3.1/../../../arm-none-eabi/lib/thumb/v7e-m/fpv4-sp/hard/libc_nano.a(lib_a-memset.o)
 .debug_line    0x0000000000009057       0x63 /usr/lib/gcc/arm-none-eabi/7.3.1/thumb/v7e-m/fpv4-sp/hard/libgcc.a(_aeabi_uldivmod.o)
 .debug_line    0x00000000000090ba      0x264 /usr/lib/gcc/arm-none-eabi/7.3.1/thumb/v7e-m/fpv4-sp/hard/libgcc.a(_udivmoddi4.o)
 .debug_line    0x000000000000931e       0x63 /usr/lib/gcc/arm-none-eabi/7.3.1/thumb/v7e-m/fpv4-sp/hard/libgcc.a(_dvmd_tls.o)

.debug_str      0x0000000000000000     0x77c9
 .debug_str     0x0000000000000000     0x1057 build/main.o
                                       0x1163 (size before relaxing)
 .debug_str     0x0000000000001057      0x646 build/gpio.o
                                        0xa33 (size before relaxing)
 .debug_str     0x000000000000169d       0x9a build/adc.o
                                        0x8da (size before relaxing)
 .debug_str     0x0000000000001737       0x48 build/crc.o
                                        0x506 (size before relaxing)
 .debug_str     0x000000000000177f        0xf build/dma.o
                                        0x974 (size before relaxing)
 .debug_str     0x000000000000178e       0x92 build/i2c.o
                                        0xfb0 (size before relaxing)
 .debug_str     0x0000000000001820       0x62 build/spi.o
                                        0xf1a (size before relaxing)
 .debug_str     0x0000000000001882      0x2ad build/tim.o
                                        0xb83 (size before relaxing)
 .debug_str     0x0000000000001b2f      0x277 build/usart.o
                                        0xcb4 (size before relaxing)
 .debug_str     0x0000000000001da6      0x271 build/stm32f4xx_it.o
                                        0xdc0 (size before relaxing)
 .debug_str     0x0000000000002017       0x29 build/stm32f4xx_hal_msp.o
                                        0x3ba (size before relaxing)
 .debug_str     0x0000000000002040       0xe3 build/stm32f4xx_hal_timebase_tim.o
                                        0xedd (size before relaxing)
 .debug_str     0x0000000000002123      0x2d4 build/stm32f4xx_hal_adc.o
                                        0x9fa (size before relaxing)
 .debug_str     0x00000000000023f7       0x9a build/stm32f4xx_hal_crc.o
                                        0x45a (size before relaxing)
 .debug_str     0x0000000000002491      0x85d build/stm32f4xx_hal_i2c.o
                                       0x10d1 (size before relaxing)
 .debug_str     0x0000000000002cee      0x4e8 build/stm32f4xx_hal_spi.o
                                        0xc80 (size before relaxing)
 .debug_str     0x00000000000031d6      0xc76 build/stm32f4xx_hal_tim.o
                                       0x1574 (size before relaxing)
 .debug_str     0x0000000000003e4c      0x431 build/stm32f4xx_hal_tim_ex.o
                                        0xec1 (size before relaxing)
 .debug_str     0x000000000000427d      0x183 build/stm32f4xx_hal_rcc.o
                                        0x79e (size before relaxing)
 .debug_str     0x0000000000004400      0x2dd build/stm32f4xx_hal_rcc_ex.o
                                        0x7e8 (size before relaxing)
 .debug_str     0x00000000000046dd      0x110 build/stm32f4xx_hal_gpio.o
                                        0x5ca (size before relaxing)
 .debug_str     0x00000000000047ed      0x28a build/stm32f4xx_hal_dma.o
                                        0x81d (size before relaxing)
 .debug_str     0x0000000000004a77      0x396 build/stm32f4xx_hal_cortex.o
                                        0xd83 (size before relaxing)
 .debug_str     0x0000000000004e0d      0x1fd build/stm32f4xx_hal.o
                                        0xc68 (size before relaxing)
 .debug_str     0x000000000000500a       0x47 build/system_stm32f4xx.o
                                        0x424 (size before relaxing)
 .debug_str     0x0000000000005051      0x251 build/stm32f4xx_ll_usart.o
                                        0x6c2 (size before relaxing)
 .debug_str     0x00000000000052a2      0x120 build/stm32f4xx_ll_gpio.o
                                        0x55c (size before relaxing)
 .debug_str     0x00000000000053c2      0x6e1 build/stm32f4xx_ll_rcc.o
                                        0xafd (size before relaxing)
 .debug_str     0x0000000000005aa3       0x22 build/startup_stm32f413xx.o
                                         0x3f (size before relaxing)
 .debug_str     0x0000000000005ac5      0x1e1 /usr/lib/gcc/arm-none-eabi/7.3.1/../../../arm-none-eabi/lib/thumb/v7e-m/fpv4-sp/hard/libc_nano.a(lib_a-init.o)
                                        0x27c (size before relaxing)
 .debug_str     0x0000000000005ca6      0x706 /usr/lib/gcc/arm-none-eabi/7.3.1/../../../arm-none-eabi/lib/thumb/v7e-m/fpv4-sp/hard/libc_nano.a(lib_a-memset.o)
                                        0x962 (size before relaxing)
 .debug_str     0x00000000000063ac       0xad /usr/lib/gcc/arm-none-eabi/7.3.1/thumb/v7e-m/fpv4-sp/hard/libgcc.a(_aeabi_uldivmod.o)
 .debug_str     0x0000000000006459     0x133d /usr/lib/gcc/arm-none-eabi/7.3.1/thumb/v7e-m/fpv4-sp/hard/libgcc.a(_udivmoddi4.o)
                                       0x1447 (size before relaxing)
 .debug_str     0x0000000000007796       0x33 /usr/lib/gcc/arm-none-eabi/7.3.1/thumb/v7e-m/fpv4-sp/hard/libgcc.a(_dvmd_tls.o)
                                         0xb1 (size before relaxing)

.debug_frame    0x0000000000000000     0x37e0
 .debug_frame   0x0000000000000000       0x7c build/main.o
 .debug_frame   0x000000000000007c       0x44 build/gpio.o
 .debug_frame   0x00000000000000c0       0x6c build/adc.o
 .debug_frame   0x000000000000012c       0x54 build/crc.o
 .debug_frame   0x0000000000000180       0x30 build/dma.o
 .debug_frame   0x00000000000001b0       0x74 build/i2c.o
 .debug_frame   0x0000000000000224       0xac build/spi.o
 .debug_frame   0x00000000000002d0       0xb0 build/tim.o
 .debug_frame   0x0000000000000380      0x10c build/usart.o
 .debug_frame   0x000000000000048c      0x234 build/stm32f4xx_it.o
 .debug_frame   0x00000000000006c0       0x28 build/stm32f4xx_hal_msp.o
 .debug_frame   0x00000000000006e8       0x54 build/stm32f4xx_hal_timebase_tim.o
 .debug_frame   0x000000000000073c      0x2b8 build/stm32f4xx_hal_adc.o
 .debug_frame   0x00000000000009f4       0xdc build/stm32f4xx_hal_crc.o
 .debug_frame   0x0000000000000ad0      0xa38 build/stm32f4xx_hal_i2c.o
 .debug_frame   0x0000000000001508      0x62c build/stm32f4xx_hal_spi.o
 .debug_frame   0x0000000000001b34      0xbc4 build/stm32f4xx_hal_tim.o
 .debug_frame   0x00000000000026f8      0x430 build/stm32f4xx_hal_tim_ex.o
 .debug_frame   0x0000000000002b28      0x1c4 build/stm32f4xx_hal_rcc.o
 .debug_frame   0x0000000000002cec      0x104 build/stm32f4xx_hal_rcc_ex.o
 .debug_frame   0x0000000000002df0       0xf0 build/stm32f4xx_hal_gpio.o
 .debug_frame   0x0000000000002ee0      0x1b8 build/stm32f4xx_hal_dma.o
 .debug_frame   0x0000000000003098      0x16c build/stm32f4xx_hal_cortex.o
 .debug_frame   0x0000000000003204      0x200 build/stm32f4xx_hal.o
 .debug_frame   0x0000000000003404       0x30 build/system_stm32f4xx.o
 .debug_frame   0x0000000000003434       0x90 build/stm32f4xx_ll_usart.o
 .debug_frame   0x00000000000034c4       0x5c build/stm32f4xx_ll_gpio.o
 .debug_frame   0x0000000000003520      0x1fc build/stm32f4xx_ll_rcc.o
 .debug_frame   0x000000000000371c       0x2c /usr/lib/gcc/arm-none-eabi/7.3.1/../../../arm-none-eabi/lib/thumb/v7e-m/fpv4-sp/hard/libc_nano.a(lib_a-init.o)
 .debug_frame   0x0000000000003748       0x38 /usr/lib/gcc/arm-none-eabi/7.3.1/../../../arm-none-eabi/lib/thumb/v7e-m/fpv4-sp/hard/libc_nano.a(lib_a-memset.o)
 .debug_frame   0x0000000000003780       0x2c /usr/lib/gcc/arm-none-eabi/7.3.1/thumb/v7e-m/fpv4-sp/hard/libgcc.a(_aeabi_uldivmod.o)
 .debug_frame   0x00000000000037ac       0x34 /usr/lib/gcc/arm-none-eabi/7.3.1/thumb/v7e-m/fpv4-sp/hard/libgcc.a(_udivmoddi4.o)

Cross Reference Table

Symbol                                            File
ADC_IRQHandler                                    build/startup_stm32f413xx.o
AHBPrescTable                                     build/system_stm32f4xx.o
                                                  build/stm32f4xx_ll_utils.o
                                                  build/stm32f4xx_ll_rcc.o
                                                  build/stm32f4xx_hal_rcc.o
APBPrescTable                                     build/system_stm32f4xx.o
                                                  build/stm32f4xx_ll_rcc.o
                                                  build/stm32f4xx_hal_rcc.o
BusFault_Handler                                  build/stm32f4xx_it.o
CAN1_RX0_IRQHandler                               build/startup_stm32f413xx.o
CAN1_RX1_IRQHandler                               build/startup_stm32f413xx.o
CAN1_SCE_IRQHandler                               build/startup_stm32f413xx.o
CAN1_TX_IRQHandler                                build/startup_stm32f413xx.o
CAN2_RX0_IRQHandler                               build/startup_stm32f413xx.o
CAN2_RX1_IRQHandler                               build/startup_stm32f413xx.o
CAN2_SCE_IRQHandler                               build/startup_stm32f413xx.o
CAN2_TX_IRQHandler                                build/startup_stm32f413xx.o
CAN3_RX0_IRQHandler                               build/startup_stm32f413xx.o
CAN3_RX1_IRQHandler                               build/startup_stm32f413xx.o
CAN3_SCE_IRQHandler                               build/startup_stm32f413xx.o
CAN3_TX_IRQHandler                                build/startup_stm32f413xx.o
DFSDM1_FLT0_IRQHandler                            build/startup_stm32f413xx.o
DFSDM1_FLT1_IRQHandler                            build/startup_stm32f413xx.o
DFSDM2_FLT0_IRQHandler                            build/startup_stm32f413xx.o
DFSDM2_FLT1_IRQHandler                            build/startup_stm32f413xx.o
DFSDM2_FLT2_IRQHandler                            build/startup_stm32f413xx.o
DFSDM2_FLT3_IRQHandler                            build/startup_stm32f413xx.o
DMA1_Stream0_IRQHandler                           build/stm32f4xx_it.o
DMA1_Stream1_IRQHandler                           build/startup_stm32f413xx.o
DMA1_Stream2_IRQHandler                           build/startup_stm32f413xx.o
DMA1_Stream3_IRQHandler                           build/startup_stm32f413xx.o
DMA1_Stream4_IRQHandler                           build/startup_stm32f413xx.o
DMA1_Stream5_IRQHandler                           build/startup_stm32f413xx.o
DMA1_Stream6_IRQHandler                           build/stm32f4xx_it.o
DMA1_Stream7_IRQHandler                           build/startup_stm32f413xx.o
DMA2_Stream0_IRQHandler                           build/startup_stm32f413xx.o
DMA2_Stream1_IRQHandler                           build/startup_stm32f413xx.o
DMA2_Stream2_IRQHandler                           build/stm32f4xx_it.o
DMA2_Stream3_IRQHandler                           build/startup_stm32f413xx.o
DMA2_Stream4_IRQHandler                           build/startup_stm32f413xx.o
DMA2_Stream5_IRQHandler                           build/stm32f4xx_it.o
DMA2_Stream6_IRQHandler                           build/startup_stm32f413xx.o
DMA2_Stream7_IRQHandler                           build/startup_stm32f413xx.o
DebugMon_Handler                                  build/stm32f4xx_it.o
Default_Handler                                   build/startup_stm32f413xx.o
EXTI0_IRQHandler                                  build/startup_stm32f413xx.o
EXTI15_10_IRQHandler                              build/startup_stm32f413xx.o
EXTI1_IRQHandler                                  build/startup_stm32f413xx.o
EXTI2_IRQHandler                                  build/startup_stm32f413xx.o
EXTI3_IRQHandler                                  build/startup_stm32f413xx.o
EXTI4_IRQHandler                                  build/startup_stm32f413xx.o
EXTI9_5_IRQHandler                                build/stm32f4xx_it.o
Error_Handler                                     build/main.o
                                                  build/tim.o
                                                  build/spi.o
                                                  build/i2c.o
                                                  build/crc.o
                                                  build/adc.o
FLASH_Erase_Sector                                build/stm32f4xx_hal_flash_ex.o
                                                  build/stm32f4xx_hal_flash.o
FLASH_FlushCaches                                 build/stm32f4xx_hal_flash_ex.o
                                                  build/stm32f4xx_hal_flash.o
FLASH_IRQHandler                                  build/startup_stm32f413xx.o
FLASH_WaitForLastOperation                        build/stm32f4xx_hal_flash.o
                                                  build/stm32f4xx_hal_flash_ex.o
FMPI2C1_ER_IRQHandler                             build/startup_stm32f413xx.o
FMPI2C1_EV_IRQHandler                             build/startup_stm32f413xx.o
FPU_IRQHandler                                    build/startup_stm32f413xx.o
FSMC_IRQHandler                                   build/startup_stm32f413xx.o
HAL_ADCEx_InjectedConfigChannel                   build/stm32f4xx_hal_adc_ex.o
HAL_ADCEx_InjectedConvCpltCallback                build/stm32f4xx_hal_adc_ex.o
                                                  build/stm32f4xx_hal_adc.o
HAL_ADCEx_InjectedGetValue                        build/stm32f4xx_hal_adc_ex.o
HAL_ADCEx_InjectedPollForConversion               build/stm32f4xx_hal_adc_ex.o
HAL_ADCEx_InjectedStart                           build/stm32f4xx_hal_adc_ex.o
HAL_ADCEx_InjectedStart_IT                        build/stm32f4xx_hal_adc_ex.o
HAL_ADCEx_InjectedStop                            build/stm32f4xx_hal_adc_ex.o
HAL_ADCEx_InjectedStop_IT                         build/stm32f4xx_hal_adc_ex.o
HAL_ADCEx_MultiModeConfigChannel                  build/stm32f4xx_hal_adc_ex.o
HAL_ADCEx_MultiModeGetValue                       build/stm32f4xx_hal_adc_ex.o
HAL_ADCEx_MultiModeStart_DMA                      build/stm32f4xx_hal_adc_ex.o
HAL_ADCEx_MultiModeStop_DMA                       build/stm32f4xx_hal_adc_ex.o
HAL_ADC_AnalogWDGConfig                           build/stm32f4xx_hal_adc.o
HAL_ADC_ConfigChannel                             build/stm32f4xx_hal_adc.o
                                                  build/adc.o
HAL_ADC_ConvCpltCallback                          build/stm32f4xx_hal_adc.o
                                                  build/stm32f4xx_hal_adc_ex.o
HAL_ADC_ConvHalfCpltCallback                      build/stm32f4xx_hal_adc.o
                                                  build/stm32f4xx_hal_adc_ex.o
HAL_ADC_DeInit                                    build/stm32f4xx_hal_adc.o
HAL_ADC_ErrorCallback                             build/stm32f4xx_hal_adc.o
                                                  build/stm32f4xx_hal_adc_ex.o
HAL_ADC_GetError                                  build/stm32f4xx_hal_adc.o
HAL_ADC_GetState                                  build/stm32f4xx_hal_adc.o
HAL_ADC_GetValue                                  build/stm32f4xx_hal_adc.o
HAL_ADC_IRQHandler                                build/stm32f4xx_hal_adc.o
HAL_ADC_Init                                      build/stm32f4xx_hal_adc.o
                                                  build/adc.o
HAL_ADC_LevelOutOfWindowCallback                  build/stm32f4xx_hal_adc.o
HAL_ADC_MspDeInit                                 build/adc.o
HAL_ADC_MspInit                                   build/adc.o
HAL_ADC_PollForConversion                         build/stm32f4xx_hal_adc.o
HAL_ADC_PollForEvent                              build/stm32f4xx_hal_adc.o
HAL_ADC_Start                                     build/stm32f4xx_hal_adc.o
HAL_ADC_Start_DMA                                 build/stm32f4xx_hal_adc.o
HAL_ADC_Start_IT                                  build/stm32f4xx_hal_adc.o
HAL_ADC_Stop                                      build/stm32f4xx_hal_adc.o
HAL_ADC_Stop_DMA                                  build/stm32f4xx_hal_adc.o
HAL_ADC_Stop_IT                                   build/stm32f4xx_hal_adc.o
HAL_CRC_Accumulate                                build/stm32f4xx_hal_crc.o
HAL_CRC_Calculate                                 build/stm32f4xx_hal_crc.o
HAL_CRC_DeInit                                    build/stm32f4xx_hal_crc.o
HAL_CRC_GetState                                  build/stm32f4xx_hal_crc.o
HAL_CRC_Init                                      build/stm32f4xx_hal_crc.o
                                                  build/crc.o
HAL_CRC_MspDeInit                                 build/crc.o
HAL_CRC_MspInit                                   build/crc.o
HAL_DBGMCU_DisableDBGSleepMode                    build/stm32f4xx_hal.o
HAL_DBGMCU_DisableDBGStandbyMode                  build/stm32f4xx_hal.o
HAL_DBGMCU_DisableDBGStopMode                     build/stm32f4xx_hal.o
HAL_DBGMCU_EnableDBGSleepMode                     build/stm32f4xx_hal.o
HAL_DBGMCU_EnableDBGStandbyMode                   build/stm32f4xx_hal.o
HAL_DBGMCU_EnableDBGStopMode                      build/stm32f4xx_hal.o
HAL_DMAEx_ChangeMemory                            build/stm32f4xx_hal_dma_ex.o
HAL_DMAEx_MultiBufferStart                        build/stm32f4xx_hal_dma_ex.o
HAL_DMAEx_MultiBufferStart_IT                     build/stm32f4xx_hal_dma_ex.o
HAL_DMA_Abort                                     build/stm32f4xx_hal_dma.o
                                                  build/stm32f4xx_hal_spi.o
                                                  build/stm32f4xx_hal_adc_ex.o
                                                  build/stm32f4xx_hal_adc.o
HAL_DMA_Abort_IT                                  build/stm32f4xx_hal_dma.o
                                                  build/stm32f4xx_hal_tim_ex.o
                                                  build/stm32f4xx_hal_tim.o
                                                  build/stm32f4xx_hal_spi.o
                                                  build/stm32f4xx_hal_i2c.o
HAL_DMA_DeInit                                    build/stm32f4xx_hal_dma.o
                                                  build/spi.o
                                                  build/i2c.o
HAL_DMA_GetError                                  build/stm32f4xx_hal_dma.o
                                                  build/stm32f4xx_hal_i2c.o
HAL_DMA_GetState                                  build/stm32f4xx_hal_dma.o
                                                  build/stm32f4xx_hal_i2c.o
HAL_DMA_IRQHandler                                build/stm32f4xx_hal_dma.o
                                                  build/stm32f4xx_it.o
HAL_DMA_Init                                      build/stm32f4xx_hal_dma.o
                                                  build/spi.o
                                                  build/i2c.o
HAL_DMA_PollForTransfer                           build/stm32f4xx_hal_dma.o
HAL_DMA_RegisterCallback                          build/stm32f4xx_hal_dma.o
HAL_DMA_Start                                     build/stm32f4xx_hal_dma.o
HAL_DMA_Start_IT                                  build/stm32f4xx_hal_dma.o
                                                  build/stm32f4xx_hal_tim_ex.o
                                                  build/stm32f4xx_hal_tim.o
                                                  build/stm32f4xx_hal_spi.o
                                                  build/stm32f4xx_hal_i2c.o
                                                  build/stm32f4xx_hal_adc_ex.o
                                                  build/stm32f4xx_hal_adc.o
HAL_DMA_UnRegisterCallback                        build/stm32f4xx_hal_dma.o
HAL_DeInit                                        build/stm32f4xx_hal.o
HAL_Delay                                         build/stm32f4xx_hal.o
HAL_DisableCompensationCell                       build/stm32f4xx_hal.o
HAL_EXTI_ClearConfigLine                          build/stm32f4xx_hal_exti.o
HAL_EXTI_ClearPending                             build/stm32f4xx_hal_exti.o
HAL_EXTI_GenerateSWI                              build/stm32f4xx_hal_exti.o
HAL_EXTI_GetConfigLine                            build/stm32f4xx_hal_exti.o
HAL_EXTI_GetHandle                                build/stm32f4xx_hal_exti.o
HAL_EXTI_GetPending                               build/stm32f4xx_hal_exti.o
HAL_EXTI_IRQHandler                               build/stm32f4xx_hal_exti.o
HAL_EXTI_RegisterCallback                         build/stm32f4xx_hal_exti.o
HAL_EXTI_SetConfigLine                            build/stm32f4xx_hal_exti.o
HAL_EnableCompensationCell                        build/stm32f4xx_hal.o
HAL_FLASHEx_AdvOBGetConfig                        build/stm32f4xx_hal_flash_ex.o
HAL_FLASHEx_AdvOBProgram                          build/stm32f4xx_hal_flash_ex.o
HAL_FLASHEx_Erase                                 build/stm32f4xx_hal_flash_ex.o
HAL_FLASHEx_Erase_IT                              build/stm32f4xx_hal_flash_ex.o
HAL_FLASHEx_OBGetConfig                           build/stm32f4xx_hal_flash_ex.o
HAL_FLASHEx_OBProgram                             build/stm32f4xx_hal_flash_ex.o
HAL_FLASHEx_OB_DeSelectPCROP                      build/stm32f4xx_hal_flash_ex.o
HAL_FLASHEx_OB_SelectPCROP                        build/stm32f4xx_hal_flash_ex.o
HAL_FLASH_EndOfOperationCallback                  build/stm32f4xx_hal_flash.o
HAL_FLASH_GetError                                build/stm32f4xx_hal_flash.o
HAL_FLASH_IRQHandler                              build/stm32f4xx_hal_flash.o
HAL_FLASH_Lock                                    build/stm32f4xx_hal_flash.o
HAL_FLASH_OB_Launch                               build/stm32f4xx_hal_flash.o
HAL_FLASH_OB_Lock                                 build/stm32f4xx_hal_flash.o
HAL_FLASH_OB_Unlock                               build/stm32f4xx_hal_flash.o
HAL_FLASH_OperationErrorCallback                  build/stm32f4xx_hal_flash.o
HAL_FLASH_Program                                 build/stm32f4xx_hal_flash.o
HAL_FLASH_Program_IT                              build/stm32f4xx_hal_flash.o
HAL_FLASH_Unlock                                  build/stm32f4xx_hal_flash.o
HAL_GPIO_DeInit                                   build/stm32f4xx_hal_gpio.o
                                                  build/spi.o
                                                  build/i2c.o
                                                  build/adc.o
HAL_GPIO_EXTI_Callback                            build/stm32f4xx_hal_gpio.o
HAL_GPIO_EXTI_IRQHandler                          build/stm32f4xx_hal_gpio.o
                                                  build/stm32f4xx_it.o
HAL_GPIO_Init                                     build/stm32f4xx_hal_gpio.o
                                                  build/stm32f4xx_hal_rcc.o
                                                  build/tim.o
                                                  build/spi.o
                                                  build/i2c.o
                                                  build/adc.o
                                                  build/gpio.o
HAL_GPIO_LockPin                                  build/stm32f4xx_hal_gpio.o
HAL_GPIO_ReadPin                                  build/stm32f4xx_hal_gpio.o
HAL_GPIO_TogglePin                                build/stm32f4xx_hal_gpio.o
HAL_GPIO_WritePin                                 build/stm32f4xx_hal_gpio.o
                                                  build/gpio.o
HAL_GetDEVID                                      build/stm32f4xx_hal.o
HAL_GetHalVersion                                 build/stm32f4xx_hal.o
HAL_GetREVID                                      build/stm32f4xx_hal.o
HAL_GetTick                                       build/stm32f4xx_hal.o
                                                  build/stm32f4xx_hal_pwr_ex.o
                                                  build/stm32f4xx_hal_dma.o
                                                  build/stm32f4xx_hal_flash.o
                                                  build/stm32f4xx_hal_rcc_ex.o
                                                  build/stm32f4xx_hal_rcc.o
                                                  build/stm32f4xx_hal_spi.o
                                                  build/stm32f4xx_hal_i2c.o
                                                  build/stm32f4xx_hal_adc_ex.o
                                                  build/stm32f4xx_hal_adc.o
HAL_GetTickFreq                                   build/stm32f4xx_hal.o
HAL_GetTickPrio                                   build/stm32f4xx_hal.o
HAL_GetUIDw0                                      build/stm32f4xx_hal.o
HAL_GetUIDw1                                      build/stm32f4xx_hal.o
HAL_GetUIDw2                                      build/stm32f4xx_hal.o
HAL_I2CEx_ConfigAnalogFilter                      build/stm32f4xx_hal_i2c_ex.o
HAL_I2CEx_ConfigDigitalFilter                     build/stm32f4xx_hal_i2c_ex.o
HAL_I2C_AbortCpltCallback                         build/stm32f4xx_hal_i2c.o
HAL_I2C_AddrCallback                              build/stm32f4xx_hal_i2c.o
HAL_I2C_DeInit                                    build/stm32f4xx_hal_i2c.o
HAL_I2C_DisableListen_IT                          build/stm32f4xx_hal_i2c.o
HAL_I2C_ER_IRQHandler                             build/stm32f4xx_hal_i2c.o
                                                  build/stm32f4xx_it.o
HAL_I2C_EV_IRQHandler                             build/stm32f4xx_hal_i2c.o
                                                  build/stm32f4xx_it.o
HAL_I2C_EnableListen_IT                           build/stm32f4xx_hal_i2c.o
HAL_I2C_ErrorCallback                             build/stm32f4xx_hal_i2c.o
HAL_I2C_GetError                                  build/stm32f4xx_hal_i2c.o
HAL_I2C_GetMode                                   build/stm32f4xx_hal_i2c.o
HAL_I2C_GetState                                  build/stm32f4xx_hal_i2c.o
HAL_I2C_Init                                      build/stm32f4xx_hal_i2c.o
                                                  build/i2c.o
HAL_I2C_IsDeviceReady                             build/stm32f4xx_hal_i2c.o
HAL_I2C_ListenCpltCallback                        build/stm32f4xx_hal_i2c.o
HAL_I2C_MasterRxCpltCallback                      build/stm32f4xx_hal_i2c.o
HAL_I2C_MasterTxCpltCallback                      build/stm32f4xx_hal_i2c.o
HAL_I2C_Master_Abort_IT                           build/stm32f4xx_hal_i2c.o
HAL_I2C_Master_Receive                            build/stm32f4xx_hal_i2c.o
HAL_I2C_Master_Receive_DMA                        build/stm32f4xx_hal_i2c.o
HAL_I2C_Master_Receive_IT                         build/stm32f4xx_hal_i2c.o
HAL_I2C_Master_Seq_Receive_DMA                    build/stm32f4xx_hal_i2c.o
HAL_I2C_Master_Seq_Receive_IT                     build/stm32f4xx_hal_i2c.o
HAL_I2C_Master_Seq_Transmit_DMA                   build/stm32f4xx_hal_i2c.o
HAL_I2C_Master_Seq_Transmit_IT                    build/stm32f4xx_hal_i2c.o
HAL_I2C_Master_Transmit                           build/stm32f4xx_hal_i2c.o
HAL_I2C_Master_Transmit_DMA                       build/stm32f4xx_hal_i2c.o
HAL_I2C_Master_Transmit_IT                        build/stm32f4xx_hal_i2c.o
HAL_I2C_MemRxCpltCallback                         build/stm32f4xx_hal_i2c.o
HAL_I2C_MemTxCpltCallback                         build/stm32f4xx_hal_i2c.o
HAL_I2C_Mem_Read                                  build/stm32f4xx_hal_i2c.o
HAL_I2C_Mem_Read_DMA                              build/stm32f4xx_hal_i2c.o
HAL_I2C_Mem_Read_IT                               build/stm32f4xx_hal_i2c.o
HAL_I2C_Mem_Write                                 build/stm32f4xx_hal_i2c.o
HAL_I2C_Mem_Write_DMA                             build/stm32f4xx_hal_i2c.o
HAL_I2C_Mem_Write_IT                              build/stm32f4xx_hal_i2c.o
HAL_I2C_MspDeInit                                 build/i2c.o
HAL_I2C_MspInit                                   build/i2c.o
HAL_I2C_SlaveRxCpltCallback                       build/stm32f4xx_hal_i2c.o
HAL_I2C_SlaveTxCpltCallback                       build/stm32f4xx_hal_i2c.o
HAL_I2C_Slave_Receive                             build/stm32f4xx_hal_i2c.o
HAL_I2C_Slave_Receive_DMA                         build/stm32f4xx_hal_i2c.o
HAL_I2C_Slave_Receive_IT                          build/stm32f4xx_hal_i2c.o
HAL_I2C_Slave_Seq_Receive_DMA                     build/stm32f4xx_hal_i2c.o
HAL_I2C_Slave_Seq_Receive_IT                      build/stm32f4xx_hal_i2c.o
HAL_I2C_Slave_Seq_Transmit_DMA                    build/stm32f4xx_hal_i2c.o
HAL_I2C_Slave_Seq_Transmit_IT                     build/stm32f4xx_hal_i2c.o
HAL_I2C_Slave_Transmit                            build/stm32f4xx_hal_i2c.o
HAL_I2C_Slave_Transmit_DMA                        build/stm32f4xx_hal_i2c.o
HAL_I2C_Slave_Transmit_IT                         build/stm32f4xx_hal_i2c.o
HAL_IncTick                                       build/stm32f4xx_hal.o
                                                  build/main.o
HAL_Init                                          build/stm32f4xx_hal.o
                                                  build/main.o
HAL_InitTick                                      build/stm32f4xx_hal_timebase_tim.o
                                                  build/stm32f4xx_hal_rcc_ex.o
                                                  build/stm32f4xx_hal_rcc.o
HAL_MPU_ConfigRegion                              build/stm32f4xx_hal_cortex.o
HAL_MPU_Disable                                   build/stm32f4xx_hal_cortex.o
HAL_MPU_Enable                                    build/stm32f4xx_hal_cortex.o
HAL_MspDeInit                                     build/stm32f4xx_hal.o
HAL_MspInit                                       build/stm32f4xx_hal_msp.o
HAL_NVIC_ClearPendingIRQ                          build/stm32f4xx_hal_cortex.o
HAL_NVIC_DisableIRQ                               build/stm32f4xx_hal_cortex.o
                                                  build/spi.o
                                                  build/i2c.o
HAL_NVIC_EnableIRQ                                build/stm32f4xx_hal_cortex.o
                                                  build/stm32f4xx_hal_timebase_tim.o
                                                  build/spi.o
                                                  build/i2c.o
                                                  build/dma.o
                                                  build/gpio.o
HAL_NVIC_GetActive                                build/stm32f4xx_hal_cortex.o
HAL_NVIC_GetPendingIRQ                            build/stm32f4xx_hal_cortex.o
HAL_NVIC_GetPriority                              build/stm32f4xx_hal_cortex.o
HAL_NVIC_GetPriorityGrouping                      build/stm32f4xx_hal_cortex.o
HAL_NVIC_SetPendingIRQ                            build/stm32f4xx_hal_cortex.o
HAL_NVIC_SetPriority                              build/stm32f4xx_hal_cortex.o
                                                  build/stm32f4xx_hal.o
                                                  build/stm32f4xx_hal_timebase_tim.o